Archive member included to satisfy reference by file (symbol)

/Applications/STM32CubeIDE.app/Contents/Eclipse/plugins/com.st.stm32cube.ide.mcu.externaltools.gnu-tools-for-stm32.9-2020-q2-update.macos64_2.0.0.202105311346/tools/bin/../lib/gcc/arm-none-eabi/9.3.1/../../../../arm-none-eabi/lib/thumb/v7e-m+fp/hard/libc_nano.a(lib_a-exit.o)
                              /Applications/STM32CubeIDE.app/Contents/Eclipse/plugins/com.st.stm32cube.ide.mcu.externaltools.gnu-tools-for-stm32.9-2020-q2-update.macos64_2.0.0.202105311346/tools/bin/../lib/gcc/arm-none-eabi/9.3.1/../../../../arm-none-eabi/lib/thumb/v7e-m+fp/hard/crt0.o (exit)
/Applications/STM32CubeIDE.app/Contents/Eclipse/plugins/com.st.stm32cube.ide.mcu.externaltools.gnu-tools-for-stm32.9-2020-q2-update.macos64_2.0.0.202105311346/tools/bin/../lib/gcc/arm-none-eabi/9.3.1/../../../../arm-none-eabi/lib/thumb/v7e-m+fp/hard/libc_nano.a(lib_a-impure.o)
                              /Applications/STM32CubeIDE.app/Contents/Eclipse/plugins/com.st.stm32cube.ide.mcu.externaltools.gnu-tools-for-stm32.9-2020-q2-update.macos64_2.0.0.202105311346/tools/bin/../lib/gcc/arm-none-eabi/9.3.1/../../../../arm-none-eabi/lib/thumb/v7e-m+fp/hard/libc_nano.a(lib_a-exit.o) (_global_impure_ptr)
/Applications/STM32CubeIDE.app/Contents/Eclipse/plugins/com.st.stm32cube.ide.mcu.externaltools.gnu-tools-for-stm32.9-2020-q2-update.macos64_2.0.0.202105311346/tools/bin/../lib/gcc/arm-none-eabi/9.3.1/../../../../arm-none-eabi/lib/thumb/v7e-m+fp/hard/libc_nano.a(lib_a-init.o)
                              /Applications/STM32CubeIDE.app/Contents/Eclipse/plugins/com.st.stm32cube.ide.mcu.externaltools.gnu-tools-for-stm32.9-2020-q2-update.macos64_2.0.0.202105311346/tools/bin/../lib/gcc/arm-none-eabi/9.3.1/../../../../arm-none-eabi/lib/thumb/v7e-m+fp/hard/crt0.o (__libc_init_array)
/Applications/STM32CubeIDE.app/Contents/Eclipse/plugins/com.st.stm32cube.ide.mcu.externaltools.gnu-tools-for-stm32.9-2020-q2-update.macos64_2.0.0.202105311346/tools/bin/../lib/gcc/arm-none-eabi/9.3.1/../../../../arm-none-eabi/lib/thumb/v7e-m+fp/hard/libc_nano.a(lib_a-memset.o)
                              /Applications/STM32CubeIDE.app/Contents/Eclipse/plugins/com.st.stm32cube.ide.mcu.externaltools.gnu-tools-for-stm32.9-2020-q2-update.macos64_2.0.0.202105311346/tools/bin/../lib/gcc/arm-none-eabi/9.3.1/../../../../arm-none-eabi/lib/thumb/v7e-m+fp/hard/crt0.o (memset)
/Applications/STM32CubeIDE.app/Contents/Eclipse/plugins/com.st.stm32cube.ide.mcu.externaltools.gnu-tools-for-stm32.9-2020-q2-update.macos64_2.0.0.202105311346/tools/bin/../lib/gcc/arm-none-eabi/9.3.1/thumb/v7e-m+fp/hard/libgcc.a(_aeabi_ldivmod.o)
                              ./Drivers/STM32F7xx_HAL_Driver/stm32f7xx_hal_rcc.o (__aeabi_ldivmod)
/Applications/STM32CubeIDE.app/Contents/Eclipse/plugins/com.st.stm32cube.ide.mcu.externaltools.gnu-tools-for-stm32.9-2020-q2-update.macos64_2.0.0.202105311346/tools/bin/../lib/gcc/arm-none-eabi/9.3.1/thumb/v7e-m+fp/hard/libgcc.a(_aeabi_uldivmod.o)
                              ./Drivers/STM32F7xx_HAL_Driver/stm32f7xx_hal_rcc.o (__aeabi_uldivmod)
/Applications/STM32CubeIDE.app/Contents/Eclipse/plugins/com.st.stm32cube.ide.mcu.externaltools.gnu-tools-for-stm32.9-2020-q2-update.macos64_2.0.0.202105311346/tools/bin/../lib/gcc/arm-none-eabi/9.3.1/thumb/v7e-m+fp/hard/libgcc.a(_udivmoddi4.o)
                              /Applications/STM32CubeIDE.app/Contents/Eclipse/plugins/com.st.stm32cube.ide.mcu.externaltools.gnu-tools-for-stm32.9-2020-q2-update.macos64_2.0.0.202105311346/tools/bin/../lib/gcc/arm-none-eabi/9.3.1/thumb/v7e-m+fp/hard/libgcc.a(_aeabi_ldivmod.o) (__udivmoddi4)
/Applications/STM32CubeIDE.app/Contents/Eclipse/plugins/com.st.stm32cube.ide.mcu.externaltools.gnu-tools-for-stm32.9-2020-q2-update.macos64_2.0.0.202105311346/tools/bin/../lib/gcc/arm-none-eabi/9.3.1/thumb/v7e-m+fp/hard/libgcc.a(_dvmd_tls.o)
                              /Applications/STM32CubeIDE.app/Contents/Eclipse/plugins/com.st.stm32cube.ide.mcu.externaltools.gnu-tools-for-stm32.9-2020-q2-update.macos64_2.0.0.202105311346/tools/bin/../lib/gcc/arm-none-eabi/9.3.1/thumb/v7e-m+fp/hard/libgcc.a(_aeabi_ldivmod.o) (__aeabi_ldiv0)
/Applications/STM32CubeIDE.app/Contents/Eclipse/plugins/com.st.stm32cube.ide.mcu.externaltools.gnu-tools-for-stm32.9-2020-q2-update.macos64_2.0.0.202105311346/tools/bin/../lib/gcc/arm-none-eabi/9.3.1/../../../../arm-none-eabi/lib/thumb/v7e-m+fp/hard/libnosys.a(_exit.o)
                              /Applications/STM32CubeIDE.app/Contents/Eclipse/plugins/com.st.stm32cube.ide.mcu.externaltools.gnu-tools-for-stm32.9-2020-q2-update.macos64_2.0.0.202105311346/tools/bin/../lib/gcc/arm-none-eabi/9.3.1/../../../../arm-none-eabi/lib/thumb/v7e-m+fp/hard/libc_nano.a(lib_a-exit.o) (_exit)

Allocating common symbols
Common symbol       size              file

TxCplt              0x1               ./Example/User/main.o
uwTick              0x4               ./Drivers/STM32F7xx_HAL_Driver/stm32f7xx_hal.o
[...]
Memory Configuration

Name             Origin             Length             Attributes
FLASH            0x0000000008000000 0x0000000000100000 xr
RAM              0x0000000020000000 0x0000000000050000 xrw
QSPI             0x0000000090000000 0x0000000000100000 xrw
*default*        0x0000000000000000 0xffffffffffffffff

Linker script and memory map

LOAD /Applications/STM32CubeIDE.app/Contents/Eclipse/plugins/com.st.stm32cube.ide.mcu.externaltools.gnu-tools-for-stm32.9-2020-q2-update.macos64_2.0.0.202105311346/tools/bin/../lib/gcc/arm-none-eabi/9.3.1/thumb/v7e-m+fp/hard/crti.o
LOAD /Applications/STM32CubeIDE.app/Contents/Eclipse/plugins/com.st.stm32cube.ide.mcu.externaltools.gnu-tools-for-stm32.9-2020-q2-update.macos64_2.0.0.202105311346/tools/bin/../lib/gcc/arm-none-eabi/9.3.1/thumb/v7e-m+fp/hard/crtbegin.o
LOAD /Applications/STM32CubeIDE.app/Contents/Eclipse/plugins/com.st.stm32cube.ide.mcu.externaltools.gnu-tools-for-stm32.9-2020-q2-update.macos64_2.0.0.202105311346/tools/bin/../lib/gcc/arm-none-eabi/9.3.1/../../../../arm-none-eabi/lib/thumb/v7e-m+fp/hard/crt0.o
LOAD ./Drivers/BSP/STM32746G-DISCOVERY/stm32746g_discovery.o
LOAD ./Drivers/CMSIS/system_stm32f7xx.o
LOAD ./Drivers/STM32F7xx_HAL_Driver/stm32f7xx_hal.o
LOAD ./Drivers/STM32F7xx_HAL_Driver/stm32f7xx_hal_cortex.o
LOAD ./Drivers/STM32F7xx_HAL_Driver/stm32f7xx_hal_dma.o
LOAD ./Drivers/STM32F7xx_HAL_Driver/stm32f7xx_hal_flash.o
LOAD ./Drivers/STM32F7xx_HAL_Driver/stm32f7xx_hal_flash_ex.o
LOAD ./Drivers/STM32F7xx_HAL_Driver/stm32f7xx_hal_gpio.o
LOAD ./Drivers/STM32F7xx_HAL_Driver/stm32f7xx_hal_i2c.o
LOAD ./Drivers/STM32F7xx_HAL_Driver/stm32f7xx_hal_i2c_ex.o
LOAD ./Drivers/STM32F7xx_HAL_Driver/stm32f7xx_hal_pwr.o
LOAD ./Drivers/STM32F7xx_HAL_Driver/stm32f7xx_hal_pwr_ex.o
LOAD ./Drivers/STM32F7xx_HAL_Driver/stm32f7xx_hal_qspi.o
LOAD ./Drivers/STM32F7xx_HAL_Driver/stm32f7xx_hal_rcc.o
LOAD ./Drivers/STM32F7xx_HAL_Driver/stm32f7xx_hal_rcc_ex.o
LOAD ./Drivers/STM32F7xx_HAL_Driver/stm32f7xx_hal_tim_ex.o
LOAD ./Drivers/STM32F7xx_HAL_Driver/stm32f7xx_hal_uart.o
LOAD ./Drivers/STM32F7xx_HAL_Driver/stm32f7xx_hal_usart.o
LOAD ./Example/SW4STM32/startup_stm32f746xx.o
LOAD ./Example/User/main.o
LOAD ./Example/User/stm32f7xx_hal_msp.o
LOAD ./Example/User/stm32f7xx_it.o
START GROUP
LOAD /Applications/STM32CubeIDE.app/Contents/Eclipse/plugins/com.st.stm32cube.ide.mcu.externaltools.gnu-tools-for-stm32.9-2020-q2-update.macos64_2.0.0.202105311346/tools/bin/../lib/gcc/arm-none-eabi/9.3.1/../../../../arm-none-eabi/lib/thumb/v7e-m+fp/hard/libc_nano.a
LOAD /Applications/STM32CubeIDE.app/Contents/Eclipse/plugins/com.st.stm32cube.ide.mcu.externaltools.gnu-tools-for-stm32.9-2020-q2-update.macos64_2.0.0.202105311346/tools/bin/../lib/gcc/arm-none-eabi/9.3.1/../../../../arm-none-eabi/lib/thumb/v7e-m+fp/hard/libm.a
END GROUP
START GROUP
LOAD /Applications/STM32CubeIDE.app/Contents/Eclipse/plugins/com.st.stm32cube.ide.mcu.externaltools.gnu-tools-for-stm32.9-2020-q2-update.macos64_2.0.0.202105311346/tools/bin/../lib/gcc/arm-none-eabi/9.3.1/thumb/v7e-m+fp/hard/libgcc.a
LOAD /Applications/STM32CubeIDE.app/Contents/Eclipse/plugins/com.st.stm32cube.ide.mcu.externaltools.gnu-tools-for-stm32.9-2020-q2-update.macos64_2.0.0.202105311346/tools/bin/../lib/gcc/arm-none-eabi/9.3.1/../../../../arm-none-eabi/lib/thumb/v7e-m+fp/hard/libc_nano.a
END GROUP
START GROUP
LOAD /Applications/STM32CubeIDE.app/Contents/Eclipse/plugins/com.st.stm32cube.ide.mcu.externaltools.gnu-tools-for-stm32.9-2020-q2-update.macos64_2.0.0.202105311346/tools/bin/../lib/gcc/arm-none-eabi/9.3.1/thumb/v7e-m+fp/hard/libgcc.a
LOAD /Applications/STM32CubeIDE.app/Contents/Eclipse/plugins/com.st.stm32cube.ide.mcu.externaltools.gnu-tools-for-stm32.9-2020-q2-update.macos64_2.0.0.202105311346/tools/bin/../lib/gcc/arm-none-eabi/9.3.1/../../../../arm-none-eabi/lib/thumb/v7e-m+fp/hard/libc_nano.a
LOAD /Applications/STM32CubeIDE.app/Contents/Eclipse/plugins/com.st.stm32cube.ide.mcu.externaltools.gnu-tools-for-stm32.9-2020-q2-update.macos64_2.0.0.202105311346/tools/bin/../lib/gcc/arm-none-eabi/9.3.1/../../../../arm-none-eabi/lib/thumb/v7e-m+fp/hard/libnosys.a
END GROUP
START GROUP
LOAD /Applications/STM32CubeIDE.app/Contents/Eclipse/plugins/com.st.stm32cube.ide.mcu.externaltools.gnu-tools-for-stm32.9-2020-q2-update.macos64_2.0.0.202105311346/tools/bin/../lib/gcc/arm-none-eabi/9.3.1/thumb/v7e-m+fp/hard/libgcc.a
LOAD /Applications/STM32CubeIDE.app/Contents/Eclipse/plugins/com.st.stm32cube.ide.mcu.externaltools.gnu-tools-for-stm32.9-2020-q2-update.macos64_2.0.0.202105311346/tools/bin/../lib/gcc/arm-none-eabi/9.3.1/../../../../arm-none-eabi/lib/thumb/v7e-m+fp/hard/libc_nano.a
LOAD /Applications/STM32CubeIDE.app/Contents/Eclipse/plugins/com.st.stm32cube.ide.mcu.externaltools.gnu-tools-for-stm32.9-2020-q2-update.macos64_2.0.0.202105311346/tools/bin/../lib/gcc/arm-none-eabi/9.3.1/../../../../arm-none-eabi/lib/thumb/v7e-m+fp/hard/libnosys.a
END GROUP
LOAD /Applications/STM32CubeIDE.app/Contents/Eclipse/plugins/com.st.stm32cube.ide.mcu.externaltools.gnu-tools-for-stm32.9-2020-q2-update.macos64_2.0.0.202105311346/tools/bin/../lib/gcc/arm-none-eabi/9.3.1/thumb/v7e-m+fp/hard/crtend.o
LOAD /Applications/STM32CubeIDE.app/Contents/Eclipse/plugins/com.st.stm32cube.ide.mcu.externaltools.gnu-tools-for-stm32.9-2020-q2-update.macos64_2.0.0.202105311346/tools/bin/../lib/gcc/arm-none-eabi/9.3.1/thumb/v7e-m+fp/hard/crtn.o
                0x0000000020050000                _estack = 0x20050000
                0x0000000000000200                _Min_Heap_Size = 0x200
                0x0000000000000400                _Min_Stack_Size = 0x400

.isr_vector     0x0000000008000000      0x1c8
                0x0000000008000000                . = ALIGN (0x4)
 *(.isr_vector)
 .isr_vector    0x0000000008000000      0x1c8 ./Example/SW4STM32/startup_stm32f746xx.o
                0x0000000008000000                g_pfnVectors
                0x00000000080001c8                . = ALIGN (0x4)

.text           0x00000000080001c8     0x24f0
                0x00000000080001c8                . = ALIGN (0x4)
 *(.text)
 .text          0x00000000080001c8       0x40 /Applications/STM32CubeIDE.app/Contents/Eclipse/plugins/com.st.stm32cube.ide.mcu.externaltools.gnu-tools-for-stm32.9-2020-q2-update.macos64_2.0.0.202105311346/tools/bin/../lib/gcc/arm-none-eabi/9.3.1/thumb/v7e-m+fp/hard/crtbegin.o
 .text          0x0000000008000208       0x30 /Applications/STM32CubeIDE.app/Contents/Eclipse/plugins/com.st.stm32cube.ide.mcu.externaltools.gnu-tools-for-stm32.9-2020-q2-update.macos64_2.0.0.202105311346/tools/bin/../lib/gcc/arm-none-eabi/9.3.1/thumb/v7e-m+fp/hard/libgcc.a(_aeabi_uldivmod.o)
                0x0000000008000208                __aeabi_uldivmod
 .text          0x0000000008000238      0x2c4 /Applications/STM32CubeIDE.app/Contents/Eclipse/plugins/com.st.stm32cube.ide.mcu.externaltools.gnu-tools-for-stm32.9-2020-q2-update.macos64_2.0.0.202105311346/tools/bin/../lib/gcc/arm-none-eabi/9.3.1/thumb/v7e-m+fp/hard/libgcc.a(_udivmoddi4.o)
                0x0000000008000238                __udivmoddi4
 .text          0x00000000080004fc        0x4 /Applications/STM32CubeIDE.app/Contents/Eclipse/plugins/com.st.stm32cube.ide.mcu.externaltools.gnu-tools-for-stm32.9-2020-q2-update.macos64_2.0.0.202105311346/tools/bin/../lib/gcc/arm-none-eabi/9.3.1/thumb/v7e-m+fp/hard/libgcc.a(_dvmd_tls.o)
                0x00000000080004fc                __aeabi_ldiv0
                0x00000000080004fc                __aeabi_idiv0
 *(.text*)
 .text.BSP_LED_Init
                0x0000000008000500       0x48 ./Drivers/BSP/STM32746G-DISCOVERY/stm32746g_discovery.o
                0x0000000008000500                BSP_LED_Init
 .text.BSP_LED_On
                0x0000000008000548       0x14 ./Drivers/BSP/STM32746G-DISCOVERY/stm32746g_discovery.o
                0x0000000008000548                BSP_LED_On
 .text.BSP_LED_Toggle
                0x000000000800055c       0x10 ./Drivers/BSP/STM32746G-DISCOVERY/stm32746g_discovery.o
                0x000000000800055c                BSP_LED_Toggle
 .text.SystemInit
                0x000000000800056c       0x4c ./Drivers/CMSIS/system_stm32f7xx.o
                0x000000000800056c                SystemInit
 .text.HAL_MspInit
                0x00000000080005b8        0x2 ./Drivers/STM32F7xx_HAL_Driver/stm32f7xx_hal.o
                0x00000000080005b8                HAL_MspInit
 *fill*         0x00000000080005ba        0x2 
 .text.HAL_InitTick
                0x00000000080005bc       0x44 ./Drivers/STM32F7xx_HAL_Driver/stm32f7xx_hal.o
                0x00000000080005bc                HAL_InitTick
 .text.HAL_Init
                0x0000000008000600       0x24 ./Drivers/STM32F7xx_HAL_Driver/stm32f7xx_hal.o
                0x0000000008000600                HAL_Init
 .text.HAL_IncTick
                0x0000000008000624       0x18 ./Drivers/STM32F7xx_HAL_Driver/stm32f7xx_hal.o
                0x0000000008000624                HAL_IncTick
 .text.HAL_GetTick
                0x000000000800063c        0xc ./Drivers/STM32F7xx_HAL_Driver/stm32f7xx_hal.o
                0x000000000800063c                HAL_GetTick
 .text.HAL_Delay
                0x0000000008000648       0x24 ./Drivers/STM32F7xx_HAL_Driver/stm32f7xx_hal.o
                0x0000000008000648                HAL_Delay
 .text.HAL_NVIC_SetPriorityGrouping
                0x000000000800066c       0x24 ./Drivers/STM32F7xx_HAL_Driver/stm32f7xx_hal_cortex.o
                0x000000000800066c                HAL_NVIC_SetPriorityGrouping
 .text.HAL_NVIC_SetPriority
                0x0000000008000690       0x64 ./Drivers/STM32F7xx_HAL_Driver/stm32f7xx_hal_cortex.o
                0x0000000008000690                HAL_NVIC_SetPriority
 .text.HAL_NVIC_EnableIRQ
                0x00000000080006f4       0x1c ./Drivers/STM32F7xx_HAL_Driver/stm32f7xx_hal_cortex.o
                0x00000000080006f4                HAL_NVIC_EnableIRQ
 .text.HAL_NVIC_DisableIRQ
                0x0000000008000710       0x28 ./Drivers/STM32F7xx_HAL_Driver/stm32f7xx_hal_cortex.o
                0x0000000008000710                HAL_NVIC_DisableIRQ
 .text.HAL_SYSTICK_Config
                0x0000000008000738       0x2c ./Drivers/STM32F7xx_HAL_Driver/stm32f7xx_hal_cortex.o
                0x0000000008000738                HAL_SYSTICK_Config
 .text.DMA_CalcBaseAndBitshift
                0x0000000008000764       0x2c ./Drivers/STM32F7xx_HAL_Driver/stm32f7xx_hal_dma.o
 .text.HAL_DMA_Init
                0x0000000008000790      0x100 ./Drivers/STM32F7xx_HAL_Driver/stm32f7xx_hal_dma.o
                0x0000000008000790                HAL_DMA_Init
 .text.HAL_DMA_DeInit
                0x0000000008000890       0x54 ./Drivers/STM32F7xx_HAL_Driver/stm32f7xx_hal_dma.o
                0x0000000008000890                HAL_DMA_DeInit
 .text.HAL_DMA_Start_IT
                0x00000000080008e4       0x7a ./Drivers/STM32F7xx_HAL_Driver/stm32f7xx_hal_dma.o
                0x00000000080008e4                HAL_DMA_Start_IT
 .text.HAL_DMA_Abort
                0x000000000800095e       0x88 ./Drivers/STM32F7xx_HAL_Driver/stm32f7xx_hal_dma.o
                0x000000000800095e                HAL_DMA_Abort
 .text.HAL_DMA_Abort_IT
                0x00000000080009e6       0x24 ./Drivers/STM32F7xx_HAL_Driver/stm32f7xx_hal_dma.o
                0x00000000080009e6                HAL_DMA_Abort_IT
 *fill*         0x0000000008000a0a        0x2 
 .text.HAL_DMA_IRQHandler
                0x0000000008000a0c      0x17c ./Drivers/STM32F7xx_HAL_Driver/stm32f7xx_hal_dma.o
                0x0000000008000a0c                HAL_DMA_IRQHandler
 .text.HAL_DMA_GetError
                0x0000000008000b88        0x4 ./Drivers/STM32F7xx_HAL_Driver/stm32f7xx_hal_dma.o
                0x0000000008000b88                HAL_DMA_GetError
 .text.HAL_GPIO_Init
                0x0000000008000b8c      0x1cc ./Drivers/STM32F7xx_HAL_Driver/stm32f7xx_hal_gpio.o
                0x0000000008000b8c                HAL_GPIO_Init
 .text.HAL_GPIO_DeInit
                0x0000000008000d58      0x144 ./Drivers/STM32F7xx_HAL_Driver/stm32f7xx_hal_gpio.o
                0x0000000008000d58                HAL_GPIO_DeInit
 .text.HAL_GPIO_WritePin
                0x0000000008000e9c        0xa ./Drivers/STM32F7xx_HAL_Driver/stm32f7xx_hal_gpio.o
                0x0000000008000e9c                HAL_GPIO_WritePin
 .text.HAL_GPIO_TogglePin
                0x0000000008000ea6       0x12 ./Drivers/STM32F7xx_HAL_Driver/stm32f7xx_hal_gpio.o
                0x0000000008000ea6                HAL_GPIO_TogglePin
 .text.HAL_PWREx_EnableOverDrive
                0x0000000008000eb8       0x70 ./Drivers/STM32F7xx_HAL_Driver/stm32f7xx_hal_pwr_ex.o
                0x0000000008000eb8                HAL_PWREx_EnableOverDrive
 .text.QSPI_DMATxCplt
                0x0000000008000f28       0x12 ./Drivers/STM32F7xx_HAL_Driver/stm32f7xx_hal_qspi.o
 .text.QSPI_Config
                0x0000000008000f3a      0x178 ./Drivers/STM32F7xx_HAL_Driver/stm32f7xx_hal_qspi.o
 .text.QSPI_WaitFlagStateUntilTimeout
                0x00000000080010b2       0x4e ./Drivers/STM32F7xx_HAL_Driver/stm32f7xx_hal_qspi.o
 .text.HAL_QSPI_Init
                0x0000000008001100       0xa8 ./Drivers/STM32F7xx_HAL_Driver/stm32f7xx_hal_qspi.o
                0x0000000008001100                HAL_QSPI_Init
 .text.HAL_QSPI_DeInit
                0x00000000080011a8       0x26 ./Drivers/STM32F7xx_HAL_Driver/stm32f7xx_hal_qspi.o
                0x00000000080011a8                HAL_QSPI_DeInit
 .text.HAL_QSPI_Command
                0x00000000080011ce       0x86 ./Drivers/STM32F7xx_HAL_Driver/stm32f7xx_hal_qspi.o
                0x00000000080011ce                HAL_QSPI_Command
 .text.HAL_QSPI_Command_IT
                0x0000000008001254       0x82 ./Drivers/STM32F7xx_HAL_Driver/stm32f7xx_hal_qspi.o
                0x0000000008001254                HAL_QSPI_Command_IT
 *fill*         0x00000000080012d6        0x2 
 .text.HAL_QSPI_Transmit_DMA
                0x00000000080012d8      0x10c ./Drivers/STM32F7xx_HAL_Driver/stm32f7xx_hal_qspi.o
                0x00000000080012d8                HAL_QSPI_Transmit_DMA
 .text.HAL_QSPI_AutoPolling
                0x00000000080013e4       0xa0 ./Drivers/STM32F7xx_HAL_Driver/stm32f7xx_hal_qspi.o
                0x00000000080013e4                HAL_QSPI_AutoPolling
 .text.HAL_QSPI_AutoPolling_IT
                0x0000000008001484       0x9c ./Drivers/STM32F7xx_HAL_Driver/stm32f7xx_hal_qspi.o
                0x0000000008001484                HAL_QSPI_AutoPolling_IT
 .text.HAL_QSPI_MemoryMapped
                0x0000000008001520       0x82 ./Drivers/STM32F7xx_HAL_Driver/stm32f7xx_hal_qspi.o
                0x0000000008001520                HAL_QSPI_MemoryMapped
 .text.HAL_QSPI_ErrorCallback
                0x00000000080015a2        0x2 ./Drivers/STM32F7xx_HAL_Driver/stm32f7xx_hal_qspi.o
                0x00000000080015a2                HAL_QSPI_ErrorCallback
 .text.QSPI_DMAAbortCplt
                0x00000000080015a4       0x36 ./Drivers/STM32F7xx_HAL_Driver/stm32f7xx_hal_qspi.o
 .text.HAL_QSPI_AbortCpltCallback
                0x00000000080015da        0x2 ./Drivers/STM32F7xx_HAL_Driver/stm32f7xx_hal_qspi.o
                0x00000000080015da                HAL_QSPI_AbortCpltCallback
 .text.HAL_QSPI_TxHalfCpltCallback
                0x00000000080015dc        0x2 ./Drivers/STM32F7xx_HAL_Driver/stm32f7xx_hal_qspi.o
                0x00000000080015dc                HAL_QSPI_TxHalfCpltCallback
 .text.QSPI_DMATxHalfCplt
                0x00000000080015de        0xa ./Drivers/STM32F7xx_HAL_Driver/stm32f7xx_hal_qspi.o
 .text.HAL_QSPI_FifoThresholdCallback
                0x00000000080015e8        0x2 ./Drivers/STM32F7xx_HAL_Driver/stm32f7xx_hal_qspi.o
                0x00000000080015e8                HAL_QSPI_FifoThresholdCallback
 .text.HAL_QSPI_TimeOutCallback
                0x00000000080015ea        0x2 ./Drivers/STM32F7xx_HAL_Driver/stm32f7xx_hal_qspi.o
                0x00000000080015ea                HAL_QSPI_TimeOutCallback
 .text.HAL_QSPI_Abort
                0x00000000080015ec       0x86 ./Drivers/STM32F7xx_HAL_Driver/stm32f7xx_hal_qspi.o
                0x00000000080015ec                HAL_QSPI_Abort
 .text.HAL_QSPI_Transmit
                0x0000000008001672       0xb8 ./Drivers/STM32F7xx_HAL_Driver/stm32f7xx_hal_qspi.o
                0x0000000008001672                HAL_QSPI_Transmit
 .text.HAL_QSPI_Receive
                0x000000000800172a       0xc4 ./Drivers/STM32F7xx_HAL_Driver/stm32f7xx_hal_qspi.o
                0x000000000800172a                HAL_QSPI_Receive
 *fill*         0x00000000080017ee        0x2 
 .text.HAL_QSPI_Abort_IT
                0x00000000080017f0       0x68 ./Drivers/STM32F7xx_HAL_Driver/stm32f7xx_hal_qspi.o
                0x00000000080017f0                HAL_QSPI_Abort_IT
 .text.HAL_QSPI_IRQHandler
                0x0000000008001858      0x1ec ./Drivers/STM32F7xx_HAL_Driver/stm32f7xx_hal_qspi.o
                0x0000000008001858                HAL_QSPI_IRQHandler
 .text.QSPI_DMAError
                0x0000000008001a44       0x30 ./Drivers/STM32F7xx_HAL_Driver/stm32f7xx_hal_qspi.o
 .text.HAL_RCC_OscConfig
                0x0000000008001a74      0x37c ./Drivers/STM32F7xx_HAL_Driver/stm32f7xx_hal_rcc.o
                0x0000000008001a74                HAL_RCC_OscConfig
 .text.HAL_RCC_GetSysClockFreq
                0x0000000008001df0       0x5c ./Drivers/STM32F7xx_HAL_Driver/stm32f7xx_hal_rcc.o
                0x0000000008001df0                HAL_RCC_GetSysClockFreq
 .text.HAL_RCC_ClockConfig
                0x0000000008001e4c      0x140 ./Drivers/STM32F7xx_HAL_Driver/stm32f7xx_hal_rcc.o
                0x0000000008001e4c                HAL_RCC_ClockConfig
 .text.Reset_Handler
                0x0000000008001f8c       0x50 ./Example/SW4STM32/startup_stm32f746xx.o
                0x0000000008001f8c                Reset_Handler
 .text.Default_Handler
                0x0000000008001fdc        0x2 ./Example/SW4STM32/startup_stm32f746xx.o
                0x0000000008001fdc                DMA1_Stream3_IRQHandler
                0x0000000008001fdc                EXTI2_IRQHandler
                0x0000000008001fdc                TIM8_CC_IRQHandler
                0x0000000008001fdc                UART8_IRQHandler
                0x0000000008001fdc                SPI4_IRQHandler
                0x0000000008001fdc                TIM1_CC_IRQHandler
                0x0000000008001fdc                DMA2_Stream5_IRQHandler
                0x0000000008001fdc                DMA1_Stream5_IRQHandler
                0x0000000008001fdc                PVD_IRQHandler
                0x0000000008001fdc                TAMP_STAMP_IRQHandler
                0x0000000008001fdc                CAN2_RX1_IRQHandler
                0x0000000008001fdc                EXTI3_IRQHandler
                0x0000000008001fdc                TIM8_TRG_COM_TIM14_IRQHandler
                0x0000000008001fdc                TIM1_UP_TIM10_IRQHandler
                0x0000000008001fdc                TIM8_UP_TIM13_IRQHandler
                0x0000000008001fdc                I2C3_ER_IRQHandler
                0x0000000008001fdc                EXTI0_IRQHandler
                0x0000000008001fdc                I2C2_EV_IRQHandler
                0x0000000008001fdc                DMA1_Stream2_IRQHandler
                0x0000000008001fdc                CAN1_RX0_IRQHandler
                0x0000000008001fdc                FPU_IRQHandler
                0x0000000008001fdc                OTG_HS_WKUP_IRQHandler
                0x0000000008001fdc                LTDC_ER_IRQHandler
                0x0000000008001fdc                CAN2_SCE_IRQHandler
                0x0000000008001fdc                DMA2_Stream2_IRQHandler
                0x0000000008001fdc                SPI1_IRQHandler
                0x0000000008001fdc                TIM6_DAC_IRQHandler
                0x0000000008001fdc                TIM1_BRK_TIM9_IRQHandler
                0x0000000008001fdc                DCMI_IRQHandler
                0x0000000008001fdc                CAN2_RX0_IRQHandler
                0x0000000008001fdc                DMA2_Stream3_IRQHandler
                0x0000000008001fdc                SAI2_IRQHandler
                0x0000000008001fdc                USART6_IRQHandler
                0x0000000008001fdc                USART3_IRQHandler
                0x0000000008001fdc                CAN1_RX1_IRQHandler
                0x0000000008001fdc                UART5_IRQHandler
                0x0000000008001fdc                DMA2_Stream0_IRQHandler
                0x0000000008001fdc                TIM4_IRQHandler
                0x0000000008001fdc                I2C1_EV_IRQHandler
                0x0000000008001fdc                DMA1_Stream6_IRQHandler
                0x0000000008001fdc                DMA1_Stream1_IRQHandler
                0x0000000008001fdc                UART4_IRQHandler
                0x0000000008001fdc                TIM3_IRQHandler
                0x0000000008001fdc                RCC_IRQHandler
                0x0000000008001fdc                TIM8_BRK_TIM12_IRQHandler
                0x0000000008001fdc                Default_Handler
                0x0000000008001fdc                CEC_IRQHandler
                0x0000000008001fdc                EXTI15_10_IRQHandler
                0x0000000008001fdc                ADC_IRQHandler
                0x0000000008001fdc                DMA1_Stream7_IRQHandler
                0x0000000008001fdc                SPI5_IRQHandler
                0x0000000008001fdc                TIM7_IRQHandler
                0x0000000008001fdc                SDMMC1_IRQHandler
                0x0000000008001fdc                CAN2_TX_IRQHandler
                0x0000000008001fdc                TIM5_IRQHandler
                0x0000000008001fdc                I2C3_EV_IRQHandler
                0x0000000008001fdc                EXTI9_5_IRQHandler
                0x0000000008001fdc                RTC_WKUP_IRQHandler
                0x0000000008001fdc                LTDC_IRQHandler
                0x0000000008001fdc                ETH_WKUP_IRQHandler
                0x0000000008001fdc                SPDIF_RX_IRQHandler
                0x0000000008001fdc                SPI2_IRQHandler
                0x0000000008001fdc                OTG_HS_EP1_IN_IRQHandler
                0x0000000008001fdc                DMA1_Stream0_IRQHandler
                0x0000000008001fdc                CAN1_TX_IRQHandler
                0x0000000008001fdc                EXTI4_IRQHandler
                0x0000000008001fdc                RNG_IRQHandler
                0x0000000008001fdc                ETH_IRQHandler
                0x0000000008001fdc                OTG_HS_EP1_OUT_IRQHandler
                0x0000000008001fdc                WWDG_IRQHandler
                0x0000000008001fdc                SPI6_IRQHandler
                0x0000000008001fdc                I2C4_EV_IRQHandler
                0x0000000008001fdc                TIM2_IRQHandler
                0x0000000008001fdc                OTG_FS_WKUP_IRQHandler
                0x0000000008001fdc                TIM1_TRG_COM_TIM11_IRQHandler
                0x0000000008001fdc                OTG_HS_IRQHandler
                0x0000000008001fdc                DMA2D_IRQHandler
                0x0000000008001fdc                EXTI1_IRQHandler
                0x0000000008001fdc                UART7_IRQHandler
                0x0000000008001fdc                USART2_IRQHandler
                0x0000000008001fdc                I2C2_ER_IRQHandler
                0x0000000008001fdc                DMA2_Stream1_IRQHandler
                0x0000000008001fdc                CAN1_SCE_IRQHandler
                0x0000000008001fdc                FLASH_IRQHandler
                0x0000000008001fdc                DMA2_Stream4_IRQHandler
                0x0000000008001fdc                USART1_IRQHandler
                0x0000000008001fdc                OTG_FS_IRQHandler
                0x0000000008001fdc                SPI3_IRQHandler
                0x0000000008001fdc                DMA1_Stream4_IRQHandler
                0x0000000008001fdc                I2C1_ER_IRQHandler
                0x0000000008001fdc                FMC_IRQHandler
                0x0000000008001fdc                LPTIM1_IRQHandler
                0x0000000008001fdc                I2C4_ER_IRQHandler
                0x0000000008001fdc                DMA2_Stream6_IRQHandler
                0x0000000008001fdc                SAI1_IRQHandler
                0x0000000008001fdc                RTC_Alarm_IRQHandler
 .text.Error_Handler
                0x0000000008001fde        0xa ./Example/User/main.o
 .text.QSPI_WriteEnable.isra.0
                0x0000000008001fe8       0x6c ./Example/User/main.o
 .text.QSPI_AutoPollingMemReady.isra.0
                0x0000000008002054       0x50 ./Example/User/main.o
 .text.HAL_QSPI_CmdCpltCallback
                0x00000000080020a4       0x10 ./Example/User/main.o
                0x00000000080020a4                HAL_QSPI_CmdCpltCallback
 .text.HAL_QSPI_RxCpltCallback
                0x00000000080020b4       0x10 ./Example/User/main.o
                0x00000000080020b4                HAL_QSPI_RxCpltCallback
 .text.HAL_QSPI_TxCpltCallback
                0x00000000080020c4       0x10 ./Example/User/main.o
                0x00000000080020c4                HAL_QSPI_TxCpltCallback
 .text.HAL_QSPI_StatusMatchCallback
                0x00000000080020d4       0x10 ./Example/User/main.o
                0x00000000080020d4                HAL_QSPI_StatusMatchCallback
 .text.SystemClock_Config
                0x00000000080020e4       0x5e ./Example/User/main.o
                0x00000000080020e4                SystemClock_Config
 *fill*         0x0000000008002142        0x2 
 .text.startup.main
                0x0000000008002144      0x2c8 ./Example/User/main.o
                0x0000000008002144                main
 .text.HAL_QSPI_MspInit
                0x000000000800240c      0x18c ./Example/User/stm32f7xx_hal_msp.o
                0x000000000800240c                HAL_QSPI_MspInit
 .text.HAL_QSPI_MspDeInit
                0x0000000008002598       0x88 ./Example/User/stm32f7xx_hal_msp.o
                0x0000000008002598                HAL_QSPI_MspDeInit
 .text.NMI_Handler
                0x0000000008002620        0x2 ./Example/User/stm32f7xx_it.o
                0x0000000008002620                NMI_Handler
 .text.HardFault_Handler
                0x0000000008002622        0x2 ./Example/User/stm32f7xx_it.o
                0x0000000008002622                HardFault_Handler
 .text.MemManage_Handler
                0x0000000008002624        0x2 ./Example/User/stm32f7xx_it.o
                0x0000000008002624                MemManage_Handler
 .text.BusFault_Handler
                0x0000000008002626        0x2 ./Example/User/stm32f7xx_it.o
                0x0000000008002626                BusFault_Handler
 .text.UsageFault_Handler
                0x0000000008002628        0x2 ./Example/User/stm32f7xx_it.o
                0x0000000008002628                UsageFault_Handler
 .text.SVC_Handler
                0x000000000800262a        0x2 ./Example/User/stm32f7xx_it.o
                0x000000000800262a                SVC_Handler
 .text.DebugMon_Handler
                0x000000000800262c        0x2 ./Example/User/stm32f7xx_it.o
                0x000000000800262c                DebugMon_Handler
 .text.PendSV_Handler
                0x000000000800262e        0x2 ./Example/User/stm32f7xx_it.o
                0x000000000800262e                PendSV_Handler
 .text.SysTick_Handler
                0x0000000008002630        0x4 ./Example/User/stm32f7xx_it.o
                0x0000000008002630                SysTick_Handler
 .text.QUADSPI_IRQHandler
                0x0000000008002634        0xc ./Example/User/stm32f7xx_it.o
                0x0000000008002634                QUADSPI_IRQHandler
 .text.DMA2_Stream7_IRQHandler
                0x0000000008002640        0xc ./Example/User/stm32f7xx_it.o
                0x0000000008002640                DMA2_Stream7_IRQHandler
 .text.__libc_init_array
                0x000000000800264c       0x48 /Applications/STM32CubeIDE.app/Contents/Eclipse/plugins/com.st.stm32cube.ide.mcu.externaltools.gnu-tools-for-stm32.9-2020-q2-update.macos64_2.0.0.202105311346/tools/bin/../lib/gcc/arm-none-eabi/9.3.1/../../../../arm-none-eabi/lib/thumb/v7e-m+fp/hard/libc_nano.a(lib_a-init.o)
                0x000000000800264c                __libc_init_array
 *(.glue_7)
 .glue_7        0x0000000008002694        0x0 linker stubs
 *(.glue_7t)
 .glue_7t       0x0000000008002694        0x0 linker stubs
 *(.eh_frame)
 .eh_frame      0x0000000008002694        0x0 /Applications/STM32CubeIDE.app/Contents/Eclipse/plugins/com.st.stm32cube.ide.mcu.externaltools.gnu-tools-for-stm32.9-2020-q2-update.macos64_2.0.0.202105311346/tools/bin/../lib/gcc/arm-none-eabi/9.3.1/thumb/v7e-m+fp/hard/crtbegin.o
 *(.init)
 .init          0x0000000008002694        0x4 /Applications/STM32CubeIDE.app/Contents/Eclipse/plugins/com.st.stm32cube.ide.mcu.externaltools.gnu-tools-for-stm32.9-2020-q2-update.macos64_2.0.0.202105311346/tools/bin/../lib/gcc/arm-none-eabi/9.3.1/thumb/v7e-m+fp/hard/crti.o
                0x0000000008002694                _init
 .init          0x0000000008002698        0x8 /Applications/STM32CubeIDE.app/Contents/Eclipse/plugins/com.st.stm32cube.ide.mcu.externaltools.gnu-tools-for-stm32.9-2020-q2-update.macos64_2.0.0.202105311346/tools/bin/../lib/gcc/arm-none-eabi/9.3.1/thumb/v7e-m+fp/hard/crtn.o
 *(.fini)
 .fini          0x00000000080026a0        0x4 /Applications/STM32CubeIDE.app/Contents/Eclipse/plugins/com.st.stm32cube.ide.mcu.externaltools.gnu-tools-for-stm32.9-2020-q2-update.macos64_2.0.0.202105311346/tools/bin/../lib/gcc/arm-none-eabi/9.3.1/thumb/v7e-m+fp/hard/crti.o
                0x00000000080026a0                _fini
 .fini          0x00000000080026a4        0x8 /Applications/STM32CubeIDE.app/Contents/Eclipse/plugins/com.st.stm32cube.ide.mcu.externaltools.gnu-tools-for-stm32.9-2020-q2-update.macos64_2.0.0.202105311346/tools/bin/../lib/gcc/arm-none-eabi/9.3.1/thumb/v7e-m+fp/hard/crtn.o
 *fill*         0x00000000080026ac        0x4 
 .fini.__stub   0x00000000080026b0        0x8 linker stubs
                0x00000000080026b8                . = ALIGN (0x4)
                0x00000000080026b8                _etext = .

.vfp11_veneer   0x00000000080026b8        0x0
 .vfp11_veneer  0x00000000080026b8        0x0 linker stubs

.v4_bx          0x00000000080026b8        0x0
 .v4_bx         0x00000000080026b8        0x0 linker stubs

.iplt           0x00000000080026b8        0x0
 .iplt          0x00000000080026b8        0x0 /Applications/STM32CubeIDE.app/Contents/Eclipse/plugins/com.st.stm32cube.ide.mcu.externaltools.gnu-tools-for-stm32.9-2020-q2-update.macos64_2.0.0.202105311346/tools/bin/../lib/gcc/arm-none-eabi/9.3.1/thumb/v7e-m+fp/hard/crtbegin.o

.rodata         0x00000000080026b8       0x20
                0x00000000080026b8                . = ALIGN (0x4)
 *(.rodata)
 .rodata        0x00000000080026b8       0x18 ./Drivers/CMSIS/system_stm32f7xx.o
                0x00000000080026b8                AHBPrescTable
                0x00000000080026c8                APBPrescTable
 .rodata        0x00000000080026d0        0x8 ./Drivers/STM32F7xx_HAL_Driver/stm32f7xx_hal_dma.o
 *(.rodata*)
                0x00000000080026d8                . = ALIGN (0x4)

.ARM.extab
 *(.ARM.extab* .gnu.linkonce.armextab.*)

.ARM            0x00000000080026d8        0x8
                0x00000000080026d8                __exidx_start = .
 *(.ARM.exidx*)
 .ARM.exidx     0x00000000080026d8        0x8 /Applications/STM32CubeIDE.app/Contents/Eclipse/plugins/com.st.stm32cube.ide.mcu.externaltools.gnu-tools-for-stm32.9-2020-q2-update.macos64_2.0.0.202105311346/tools/bin/../lib/gcc/arm-none-eabi/9.3.1/thumb/v7e-m+fp/hard/libgcc.a(_udivmoddi4.o)
                0x00000000080026e0                __exidx_end = .
                0x00000000080026e0                _qspi_init_base = LOADADDR (.qspi)
                0x0000000000000028                _qspi_init_length = SIZEOF (.qspi)

.qspi           0x0000000090000000       0x28 load address 0x00000000080026e0
                0x0000000090000000                . = ALIGN (0x4)
                0x0000000090000000                _qspi_start = .
 *(.qspi)
 .qspi          0x0000000090000000       0x12 ./Example/User/main.o
 *fill*         0x0000000090000012        0x6 
 .qspi.__stub   0x0000000090000018       0x10 linker stubs
 *(.qspi*)
                0x0000000090000028                . = ALIGN (0x4)
 *fill*         0x0000000090000028        0x0 
                0x0000000090000028                _qspi_end = .

.rel.dyn        0x0000000090000028        0x0 load address 0x0000000008002708
 .rel.iplt      0x0000000090000028        0x0 /Applications/STM32CubeIDE.app/Contents/Eclipse/plugins/com.st.stm32cube.ide.mcu.externaltools.gnu-tools-for-stm32.9-2020-q2-update.macos64_2.0.0.202105311346/tools/bin/../lib/gcc/arm-none-eabi/9.3.1/thumb/v7e-m+fp/hard/crtbegin.o

.preinit_array  0x0000000008002708        0x0
                0x0000000008002708                PROVIDE (__preinit_array_start = .)
 *(.preinit_array*)
                0x0000000008002708                PROVIDE (__preinit_array_end = .)

.init_array     0x0000000008002708        0x4
                0x0000000008002708                PROVIDE (__init_array_start = .)
 *(SORT_BY_NAME(.init_array.*))
 *(.init_array*)
 .init_array    0x0000000008002708        0x4 /Applications/STM32CubeIDE.app/Contents/Eclipse/plugins/com.st.stm32cube.ide.mcu.externaltools.gnu-tools-for-stm32.9-2020-q2-update.macos64_2.0.0.202105311346/tools/bin/../lib/gcc/arm-none-eabi/9.3.1/thumb/v7e-m+fp/hard/crtbegin.o
                0x000000000800270c                PROVIDE (__init_array_end = .)

.fini_array     0x000000000800270c        0x4
                [!provide]                        PROVIDE (__fini_array_start = .)
 *(SORT_BY_NAME(.fini_array.*))
 *(.fini_array*)
 .fini_array    0x000000000800270c        0x4 /Applications/STM32CubeIDE.app/Contents/Eclipse/plugins/com.st.stm32cube.ide.mcu.externaltools.gnu-tools-for-stm32.9-2020-q2-update.macos64_2.0.0.202105311346/tools/bin/../lib/gcc/arm-none-eabi/9.3.1/thumb/v7e-m+fp/hard/crtbegin.o
                [!provide]                        PROVIDE (__fini_array_end = .)
                0x0000000008002710                _sidata = LOADADDR (.data)

.data           0x0000000020000000        0xc load address 0x0000000008002710
                0x0000000020000000                . = ALIGN (0x4)
                0x0000000020000000                _sdata = .
 *(.data)
 .data          0x0000000020000000        0x4 ./Drivers/CMSIS/system_stm32f7xx.o
                0x0000000020000000                SystemCoreClock
 .data          0x0000000020000004        0x8 ./Drivers/STM32F7xx_HAL_Driver/stm32f7xx_hal.o
                0x0000000020000004                uwTickFreq
                0x0000000020000008                uwTickPrio
 *(.data*)
                0x000000002000000c                . = ALIGN (0x4)
                0x000000002000000c                _edata = .

.igot.plt       0x000000002000000c        0x0 load address 0x000000000800271c
 .igot.plt      0x000000002000000c        0x0 /Applications/STM32CubeIDE.app/Contents/Eclipse/plugins/com.st.stm32cube.ide.mcu.externaltools.gnu-tools-for-stm32.9-2020-q2-update.macos64_2.0.0.202105311346/tools/bin/../lib/gcc/arm-none-eabi/9.3.1/thumb/v7e-m+fp/hard/crtbegin.o
                0x000000002000000c                . = ALIGN (0x4)

.bss            0x000000002000000c      0x130 load address 0x000000000800271c
                0x000000002000000c                _sbss = .
                0x000000002000000c                __bss_start__ = _sbss
 *(.bss)
 .bss           0x000000002000000c       0x1c /Applications/STM32CubeIDE.app/Contents/Eclipse/plugins/com.st.stm32cube.ide.mcu.externaltools.gnu-tools-for-stm32.9-2020-q2-update.macos64_2.0.0.202105311346/tools/bin/../lib/gcc/arm-none-eabi/9.3.1/thumb/v7e-m+fp/hard/crtbegin.o
 .bss           0x0000000020000028       0xc0 ./Example/User/stm32f7xx_hal_msp.o
 *(.bss*)
 *(COMMON)
 COMMON         0x00000000200000e8        0x4 ./Drivers/STM32F7xx_HAL_Driver/stm32f7xx_hal.o
                0x00000000200000e8                uwTick
 COMMON         0x00000000200000ec       0x50 ./Example/User/main.o
                0x00000000200000ec                TxCplt
                0x00000000200000ed                RxCplt
                0x00000000200000ee                CmdCplt
                0x00000000200000ef                StatusMatch
                0x00000000200000f0                QSPIHandle
                0x000000002000013c                . = ALIGN (0x4)
                0x000000002000013c                _ebss = .
                0x000000002000013c                __bss_end__ = _ebss

._user_heap_stack
                0x000000002000013c      0x604 load address 0x000000000800271c
                0x0000000020000140                . = ALIGN (0x8)
 *fill*         0x000000002000013c        0x4 
                [!provide]                        PROVIDE (end = .)
                [!provide]                        PROVIDE (_end = .)
                0x0000000020000340                . = (. + _Min_Heap_Size)
 *fill*         0x0000000020000140      0x200 
                0x0000000020000740                . = (. + _Min_Stack_Size)
 *fill*         0x0000000020000340      0x400 
                0x0000000020000740                . = ALIGN (0x8)

/DISCARD/
 libc.a(*)
 libm.a(*)
 libgcc.a(*)

.ARM.attributes
                0x0000000000000000       0x30
 *(.ARM.attributes)
 .ARM.attributes
                0x0000000000000000       0x1e /Applications/STM32CubeIDE.app/Contents/Eclipse/plugins/com.st.stm32cube.ide.mcu.externaltools.gnu-tools-for-stm32.9-2020-q2-update.macos64_2.0.0.202105311346/tools/bin/../lib/gcc/arm-none-eabi/9.3.1/thumb/v7e-m+fp/hard/crti.o
 .ARM.attributes
                0x000000000000001e       0x34 /Applications/STM32CubeIDE.app/Contents/Eclipse/plugins/com.st.stm32cube.ide.mcu.externaltools.gnu-tools-for-stm32.9-2020-q2-update.macos64_2.0.0.202105311346/tools/bin/../lib/gcc/arm-none-eabi/9.3.1/thumb/v7e-m+fp/hard/crtbegin.o
 .ARM.attributes
                0x0000000000000052       0x34 ./Drivers/BSP/STM32746G-DISCOVERY/stm32746g_discovery.o
 .ARM.attributes
                0x0000000000000086       0x34 ./Drivers/CMSIS/system_stm32f7xx.o
 .ARM.attributes
                0x00000000000000ba       0x34 ./Drivers/STM32F7xx_HAL_Driver/stm32f7xx_hal.o
 .ARM.attributes
                0x00000000000000ee       0x34 ./Drivers/STM32F7xx_HAL_Driver/stm32f7xx_hal_cortex.o
 .ARM.attributes
                0x0000000000000122       0x34 ./Drivers/STM32F7xx_HAL_Driver/stm32f7xx_hal_dma.o
 .ARM.attributes
                0x0000000000000156       0x34 ./Drivers/STM32F7xx_HAL_Driver/stm32f7xx_hal_gpio.o
 .ARM.attributes
                0x000000000000018a       0x34 ./Drivers/STM32F7xx_HAL_Driver/stm32f7xx_hal_pwr_ex.o
 .ARM.attributes
                0x00000000000001be       0x34 ./Drivers/STM32F7xx_HAL_Driver/stm32f7xx_hal_qspi.o
 .ARM.attributes
                0x00000000000001f2       0x34 ./Drivers/STM32F7xx_HAL_Driver/stm32f7xx_hal_rcc.o
 .ARM.attributes
                0x0000000000000226       0x21 ./Example/SW4STM32/startup_stm32f746xx.o
 .ARM.attributes
                0x0000000000000247       0x34 ./Example/User/main.o
 .ARM.attributes
                0x000000000000027b       0x34 ./Example/User/stm32f7xx_hal_msp.o
 .ARM.attributes
                0x00000000000002af       0x34 ./Example/User/stm32f7xx_it.o
 .ARM.attributes
                0x00000000000002e3       0x34 /Applications/STM32CubeIDE.app/Contents/Eclipse/plugins/com.st.stm32cube.ide.mcu.externaltools.gnu-tools-for-stm32.9-2020-q2-update.macos64_2.0.0.202105311346/tools/bin/../lib/gcc/arm-none-eabi/9.3.1/../../../../arm-none-eabi/lib/thumb/v7e-m+fp/hard/libc_nano.a(lib_a-init.o)
 .ARM.attributes
                0x0000000000000317       0x1e /Applications/STM32CubeIDE.app/Contents/Eclipse/plugins/com.st.stm32cube.ide.mcu.externaltools.gnu-tools-for-stm32.9-2020-q2-update.macos64_2.0.0.202105311346/tools/bin/../lib/gcc/arm-none-eabi/9.3.1/thumb/v7e-m+fp/hard/libgcc.a(_aeabi_uldivmod.o)
 .ARM.attributes
                0x0000000000000335       0x34 /Applications/STM32CubeIDE.app/Contents/Eclipse/plugins/com.st.stm32cube.ide.mcu.externaltools.gnu-tools-for-stm32.9-2020-q2-update.macos64_2.0.0.202105311346/tools/bin/../lib/gcc/arm-none-eabi/9.3.1/thumb/v7e-m+fp/hard/libgcc.a(_udivmoddi4.o)
 .ARM.attributes
                0x0000000000000369       0x1e /Applications/STM32CubeIDE.app/Contents/Eclipse/plugins/com.st.stm32cube.ide.mcu.externaltools.gnu-tools-for-stm32.9-2020-q2-update.macos64_2.0.0.202105311346/tools/bin/../lib/gcc/arm-none-eabi/9.3.1/thumb/v7e-m+fp/hard/libgcc.a(_dvmd_tls.o)
 .ARM.attributes
                0x0000000000000387       0x1e /Applications/STM32CubeIDE.app/Contents/Eclipse/plugins/com.st.stm32cube.ide.mcu.externaltools.gnu-tools-for-stm32.9-2020-q2-update.macos64_2.0.0.202105311346/tools/bin/../lib/gcc/arm-none-eabi/9.3.1/thumb/v7e-m+fp/hard/crtn.o
OUTPUT(STM32746G-DISCOVERY.elf elf32-littlearm)
LOAD linker stubs
LOAD /Applications/STM32CubeIDE.app/Contents/Eclipse/plugins/com.st.stm32cube.ide.mcu.externaltools.gnu-tools-for-stm32.9-2020-q2-update.macos64_2.0.0.202105311346/tools/bin/../lib/gcc/arm-none-eabi/9.3.1/../../../../arm-none-eabi/lib/thumb/v7e-m+fp/hard/libc.a
LOAD /Applications/STM32CubeIDE.app/Contents/Eclipse/plugins/com.st.stm32cube.ide.mcu.externaltools.gnu-tools-for-stm32.9-2020-q2-update.macos64_2.0.0.202105311346/tools/bin/../lib/gcc/arm-none-eabi/9.3.1/../../../../arm-none-eabi/lib/thumb/v7e-m+fp/hard/libm.a
LOAD /Applications/STM32CubeIDE.app/Contents/Eclipse/plugins/com.st.stm32cube.ide.mcu.externaltools.gnu-tools-for-stm32.9-2020-q2-update.macos64_2.0.0.202105311346/tools/bin/../lib/gcc/arm-none-eabi/9.3.1/thumb/v7e-m+fp/hard/libgcc.a

.debug_info     0x0000000000000000     0xbebf
 .debug_info    0x0000000000000000     0x2330 ./Drivers/BSP/STM32746G-DISCOVERY/stm32746g_discovery.o
 .debug_info    0x0000000000002330      0x7c6 ./Drivers/CMSIS/system_stm32f7xx.o
 .debug_info    0x0000000000002af6      0xbbf ./Drivers/STM32F7xx_HAL_Driver/stm32f7xx_hal.o
 .debug_info    0x00000000000036b5     0x138d ./Drivers/STM32F7xx_HAL_Driver/stm32f7xx_hal_cortex.o
 .debug_info    0x0000000000004a42      0xbfa ./Drivers/STM32F7xx_HAL_Driver/stm32f7xx_hal_dma.o
 .debug_info    0x000000000000563c      0x8ae ./Drivers/STM32F7xx_HAL_Driver/stm32f7xx_hal_gpio.o
 .debug_info    0x0000000000005eea      0xae8 ./Drivers/STM32F7xx_HAL_Driver/stm32f7xx_hal_pwr_ex.o
 .debug_info    0x00000000000069d2     0x1a6a ./Drivers/STM32F7xx_HAL_Driver/stm32f7xx_hal_qspi.o
 .debug_info    0x000000000000843c      0xc81 ./Drivers/STM32F7xx_HAL_Driver/stm32f7xx_hal_rcc.o
 .debug_info    0x00000000000090bd       0x22 ./Example/SW4STM32/startup_stm32f746xx.o
 .debug_info    0x00000000000090df     0x1699 ./Example/User/main.o
 .debug_info    0x000000000000a778      0xfd2 ./Example/User/stm32f7xx_hal_msp.o
 .debug_info    0x000000000000b74a      0x775 ./Example/User/stm32f7xx_it.o

.debug_abbrev   0x0000000000000000     0x209d
 .debug_abbrev  0x0000000000000000      0x449 ./Drivers/BSP/STM32746G-DISCOVERY/stm32746g_discovery.o
 .debug_abbrev  0x0000000000000449      0x16b ./Drivers/CMSIS/system_stm32f7xx.o
 .debug_abbrev  0x00000000000005b4      0x27e ./Drivers/STM32F7xx_HAL_Driver/stm32f7xx_hal.o
 .debug_abbrev  0x0000000000000832      0x398 ./Drivers/STM32F7xx_HAL_Driver/stm32f7xx_hal_cortex.o
 .debug_abbrev  0x0000000000000bca      0x356 ./Drivers/STM32F7xx_HAL_Driver/stm32f7xx_hal_dma.o
 .debug_abbrev  0x0000000000000f20      0x21d ./Drivers/STM32F7xx_HAL_Driver/stm32f7xx_hal_gpio.o
 .debug_abbrev  0x000000000000113d      0x1ed ./Drivers/STM32F7xx_HAL_Driver/stm32f7xx_hal_pwr_ex.o
 .debug_abbrev  0x000000000000132a      0x329 ./Drivers/STM32F7xx_HAL_Driver/stm32f7xx_hal_qspi.o
 .debug_abbrev  0x0000000000001653      0x2da ./Drivers/STM32F7xx_HAL_Driver/stm32f7xx_hal_rcc.o
 .debug_abbrev  0x000000000000192d       0x12 ./Example/SW4STM32/startup_stm32f746xx.o
 .debug_abbrev  0x000000000000193f      0x3a9 ./Example/User/main.o
 .debug_abbrev  0x0000000000001ce8      0x1e8 ./Example/User/stm32f7xx_hal_msp.o
 .debug_abbrev  0x0000000000001ed0      0x1cd ./Example/User/stm32f7xx_it.o

.debug_loc      0x0000000000000000     0x3e46
 .debug_loc     0x0000000000000000      0x9e7 ./Drivers/BSP/STM32746G-DISCOVERY/stm32746g_discovery.o
 .debug_loc     0x00000000000009e7      0x12f ./Drivers/CMSIS/system_stm32f7xx.o
 .debug_loc     0x0000000000000b16      0x139 ./Drivers/STM32F7xx_HAL_Driver/stm32f7xx_hal.o
 .debug_loc     0x0000000000000c4f      0x661 ./Drivers/STM32F7xx_HAL_Driver/stm32f7xx_hal_cortex.o
 .debug_loc     0x00000000000012b0      0x9ea ./Drivers/STM32F7xx_HAL_Driver/stm32f7xx_hal_dma.o
 .debug_loc     0x0000000000001c9a      0x40c ./Drivers/STM32F7xx_HAL_Driver/stm32f7xx_hal_gpio.o
 .debug_loc     0x00000000000020a6      0x2e0 ./Drivers/STM32F7xx_HAL_Driver/stm32f7xx_hal_pwr_ex.o
 .debug_loc     0x0000000000002386     0x133a ./Drivers/STM32F7xx_HAL_Driver/stm32f7xx_hal_qspi.o
 .debug_loc     0x00000000000036c0      0x573 ./Drivers/STM32F7xx_HAL_Driver/stm32f7xx_hal_rcc.o
 .debug_loc     0x0000000000003c33      0x1bc ./Example/User/main.o
 .debug_loc     0x0000000000003def       0x57 ./Example/User/stm32f7xx_hal_msp.o

.debug_aranges  0x0000000000000000      0x6b8
 .debug_aranges
                0x0000000000000000       0xf0 ./Drivers/BSP/STM32746G-DISCOVERY/stm32746g_discovery.o
 .debug_aranges
                0x00000000000000f0       0x28 ./Drivers/CMSIS/system_stm32f7xx.o
 .debug_aranges
                0x0000000000000118       0xf8 ./Drivers/STM32F7xx_HAL_Driver/stm32f7xx_hal.o
 .debug_aranges
                0x0000000000000210       0xa8 ./Drivers/STM32F7xx_HAL_Driver/stm32f7xx_hal_cortex.o
 .debug_aranges
                0x00000000000002b8       0x80 ./Drivers/STM32F7xx_HAL_Driver/stm32f7xx_hal_dma.o
 .debug_aranges
                0x0000000000000338       0x58 ./Drivers/STM32F7xx_HAL_Driver/stm32f7xx_hal_gpio.o
 .debug_aranges
                0x0000000000000390       0x80 ./Drivers/STM32F7xx_HAL_Driver/stm32f7xx_hal_pwr_ex.o
 .debug_aranges
                0x0000000000000410      0x110 ./Drivers/STM32F7xx_HAL_Driver/stm32f7xx_hal_qspi.o
 .debug_aranges
                0x0000000000000520       0x88 ./Drivers/STM32F7xx_HAL_Driver/stm32f7xx_hal_rcc.o
 .debug_aranges
                0x00000000000005a8       0x28 ./Example/SW4STM32/startup_stm32f746xx.o
 .debug_aranges
                0x00000000000005d0       0x68 ./Example/User/main.o
 .debug_aranges
                0x0000000000000638       0x28 ./Example/User/stm32f7xx_hal_msp.o
 .debug_aranges
                0x0000000000000660       0x58 ./Example/User/stm32f7xx_it.o

.debug_ranges   0x0000000000000000      0x9c8
 .debug_ranges  0x0000000000000000      0x1d8 ./Drivers/BSP/STM32746G-DISCOVERY/stm32746g_discovery.o
 .debug_ranges  0x00000000000001d8       0x18 ./Drivers/CMSIS/system_stm32f7xx.o
 .debug_ranges  0x00000000000001f0       0xe8 ./Drivers/STM32F7xx_HAL_Driver/stm32f7xx_hal.o
 .debug_ranges  0x00000000000002d8      0x158 ./Drivers/STM32F7xx_HAL_Driver/stm32f7xx_hal_cortex.o
 .debug_ranges  0x0000000000000430       0xd0 ./Drivers/STM32F7xx_HAL_Driver/stm32f7xx_hal_dma.o
 .debug_ranges  0x0000000000000500       0x70 ./Drivers/STM32F7xx_HAL_Driver/stm32f7xx_hal_gpio.o
 .debug_ranges  0x0000000000000570      0x108 ./Drivers/STM32F7xx_HAL_Driver/stm32f7xx_hal_pwr_ex.o
 .debug_ranges  0x0000000000000678      0x118 ./Drivers/STM32F7xx_HAL_Driver/stm32f7xx_hal_qspi.o
 .debug_ranges  0x0000000000000790       0xd0 ./Drivers/STM32F7xx_HAL_Driver/stm32f7xx_hal_rcc.o
 .debug_ranges  0x0000000000000860       0x20 ./Example/SW4STM32/startup_stm32f746xx.o
 .debug_ranges  0x0000000000000880       0xa0 ./Example/User/main.o
 .debug_ranges  0x0000000000000920       0x60 ./Example/User/stm32f7xx_hal_msp.o
 .debug_ranges  0x0000000000000980       0x48 ./Example/User/stm32f7xx_it.o

.debug_macro    0x0000000000000000    0x2555d
 .debug_macro   0x0000000000000000      0x20f ./Drivers/BSP/STM32746G-DISCOVERY/stm32746g_discovery.o
 .debug_macro   0x000000000000020f      0xaa8 ./Drivers/BSP/STM32746G-DISCOVERY/stm32746g_discovery.o
 .debug_macro   0x0000000000000cb7      0x298 ./Drivers/BSP/STM32746G-DISCOVERY/stm32746g_discovery.o
 .debug_macro   0x0000000000000f4f       0x2e ./Drivers/BSP/STM32746G-DISCOVERY/stm32746g_discovery.o
 .debug_macro   0x0000000000000f7d       0x3b ./Drivers/BSP/STM32746G-DISCOVERY/stm32746g_discovery.o
 .debug_macro   0x0000000000000fb8       0x22 ./Drivers/BSP/STM32746G-DISCOVERY/stm32746g_discovery.o
 .debug_macro   0x0000000000000fda       0x8e ./Drivers/BSP/STM32746G-DISCOVERY/stm32746g_discovery.o
 .debug_macro   0x0000000000001068       0x51 ./Drivers/BSP/STM32746G-DISCOVERY/stm32746g_discovery.o
 .debug_macro   0x00000000000010b9      0x103 ./Drivers/BSP/STM32746G-DISCOVERY/stm32746g_discovery.o
 .debug_macro   0x00000000000011bc       0x6a ./Drivers/BSP/STM32746G-DISCOVERY/stm32746g_discovery.o
 .debug_macro   0x0000000000001226      0x1df ./Drivers/BSP/STM32746G-DISCOVERY/stm32746g_discovery.o
 .debug_macro   0x0000000000001405       0x1c ./Drivers/BSP/STM32746G-DISCOVERY/stm32746g_discovery.o
 .debug_macro   0x0000000000001421       0x22 ./Drivers/BSP/STM32746G-DISCOVERY/stm32746g_discovery.o
 .debug_macro   0x0000000000001443       0xdf ./Drivers/BSP/STM32746G-DISCOVERY/stm32746g_discovery.o
 .debug_macro   0x0000000000001522     0x12cd ./Drivers/BSP/STM32746G-DISCOVERY/stm32746g_discovery.o
 .debug_macro   0x00000000000027ef      0x11f ./Drivers/BSP/STM32746G-DISCOVERY/stm32746g_discovery.o
 .debug_macro   0x000000000000290e       0x19 ./Drivers/BSP/STM32746G-DISCOVERY/stm32746g_discovery.o
 .debug_macro   0x0000000000002927    0x19826 ./Drivers/BSP/STM32746G-DISCOVERY/stm32746g_discovery.o
 .debug_macro   0x000000000001c14d       0x43 ./Drivers/BSP/STM32746G-DISCOVERY/stm32746g_discovery.o
 .debug_macro   0x000000000001c190     0x36c9 ./Drivers/BSP/STM32746G-DISCOVERY/stm32746g_discovery.o
 .debug_macro   0x000000000001f859      0x174 ./Drivers/BSP/STM32746G-DISCOVERY/stm32746g_discovery.o
 .debug_macro   0x000000000001f9cd       0x63 ./Drivers/BSP/STM32746G-DISCOVERY/stm32746g_discovery.o
 .debug_macro   0x000000000001fa30     0x1939 ./Drivers/BSP/STM32746G-DISCOVERY/stm32746g_discovery.o
 .debug_macro   0x0000000000021369      0x6c4 ./Drivers/BSP/STM32746G-DISCOVERY/stm32746g_discovery.o
 .debug_macro   0x0000000000021a2d      0x117 ./Drivers/BSP/STM32746G-DISCOVERY/stm32746g_discovery.o
 .debug_macro   0x0000000000021b44      0x1fe ./Drivers/BSP/STM32746G-DISCOVERY/stm32746g_discovery.o
 .debug_macro   0x0000000000021d42       0x27 ./Drivers/BSP/STM32746G-DISCOVERY/stm32746g_discovery.o
 .debug_macro   0x0000000000021d69      0x24f ./Drivers/BSP/STM32746G-DISCOVERY/stm32746g_discovery.o
 .debug_macro   0x0000000000021fb8       0x41 ./Drivers/BSP/STM32746G-DISCOVERY/stm32746g_discovery.o
 .debug_macro   0x0000000000021ff9       0x58 ./Drivers/BSP/STM32746G-DISCOVERY/stm32746g_discovery.o
 .debug_macro   0x0000000000022051      0x236 ./Drivers/BSP/STM32746G-DISCOVERY/stm32746g_discovery.o
 .debug_macro   0x0000000000022287      0x14f ./Drivers/BSP/STM32746G-DISCOVERY/stm32746g_discovery.o
 .debug_macro   0x00000000000223d6      0x25b ./Drivers/BSP/STM32746G-DISCOVERY/stm32746g_discovery.o
 .debug_macro   0x0000000000022631       0x12 ./Drivers/BSP/STM32746G-DISCOVERY/stm32746g_discovery.o
 .debug_macro   0x0000000000022643      0x22c ./Drivers/BSP/STM32746G-DISCOVERY/stm32746g_discovery.o
 .debug_macro   0x000000000002286f       0x61 ./Drivers/BSP/STM32746G-DISCOVERY/stm32746g_discovery.o
 .debug_macro   0x00000000000228d0       0xa5 ./Drivers/BSP/STM32746G-DISCOVERY/stm32746g_discovery.o
 .debug_macro   0x0000000000022975      0x12f ./Drivers/BSP/STM32746G-DISCOVERY/stm32746g_discovery.o
 .debug_macro   0x0000000000022aa4      0x108 ./Drivers/BSP/STM32746G-DISCOVERY/stm32746g_discovery.o
 .debug_macro   0x0000000000022bac       0x35 ./Drivers/BSP/STM32746G-DISCOVERY/stm32746g_discovery.o
 .debug_macro   0x0000000000022be1      0x2d4 ./Drivers/BSP/STM32746G-DISCOVERY/stm32746g_discovery.o
 .debug_macro   0x0000000000022eb5      0x558 ./Drivers/BSP/STM32746G-DISCOVERY/stm32746g_discovery.o
 .debug_macro   0x000000000002340d       0x44 ./Drivers/BSP/STM32746G-DISCOVERY/stm32746g_discovery.o
 .debug_macro   0x0000000000023451      0x279 ./Drivers/BSP/STM32746G-DISCOVERY/stm32746g_discovery.o
 .debug_macro   0x00000000000236ca       0x28 ./Drivers/BSP/STM32746G-DISCOVERY/stm32746g_discovery.o
 .debug_macro   0x00000000000236f2      0x14e ./Drivers/BSP/STM32746G-DISCOVERY/stm32746g_discovery.o
 .debug_macro   0x0000000000023840      0x262 ./Drivers/BSP/STM32746G-DISCOVERY/stm32746g_discovery.o
 .debug_macro   0x0000000000023aa2      0x1e8 ./Drivers/CMSIS/system_stm32f7xx.o
 .debug_macro   0x0000000000023c8a      0x206 ./Drivers/STM32F7xx_HAL_Driver/stm32f7xx_hal.o
 .debug_macro   0x0000000000023e90      0x1e2 ./Drivers/STM32F7xx_HAL_Driver/stm32f7xx_hal_cortex.o
 .debug_macro   0x0000000000024072      0x1e8 ./Drivers/STM32F7xx_HAL_Driver/stm32f7xx_hal_dma.o
 .debug_macro   0x000000000002425a      0x218 ./Drivers/STM32F7xx_HAL_Driver/stm32f7xx_hal_gpio.o
 .debug_macro   0x0000000000024472      0x1fa ./Drivers/STM32F7xx_HAL_Driver/stm32f7xx_hal_pwr_ex.o
 .debug_macro   0x000000000002466c      0x206 ./Drivers/STM32F7xx_HAL_Driver/stm32f7xx_hal_qspi.o
 .debug_macro   0x0000000000024872      0x206 ./Drivers/STM32F7xx_HAL_Driver/stm32f7xx_hal_rcc.o
 .debug_macro   0x0000000000024a78      0x1fa ./Example/User/main.o
 .debug_macro   0x0000000000024c72      0x268 ./Example/User/main.o
 .debug_macro   0x0000000000024eda      0x285 ./Example/User/main.o
 .debug_macro   0x000000000002515f      0x1fa ./Example/User/stm32f7xx_hal_msp.o
 .debug_macro   0x0000000000025359      0x204 ./Example/User/stm32f7xx_it.o

.debug_line     0x0000000000000000     0xaafa
 .debug_line    0x0000000000000000      0xf24 ./Drivers/BSP/STM32746G-DISCOVERY/stm32746g_discovery.o
 .debug_line    0x0000000000000f24      0x86b ./Drivers/CMSIS/system_stm32f7xx.o
 .debug_line    0x000000000000178f      0xb32 ./Drivers/STM32F7xx_HAL_Driver/stm32f7xx_hal.o
 .debug_line    0x00000000000022c1      0xd8b ./Drivers/STM32F7xx_HAL_Driver/stm32f7xx_hal_cortex.o
 .debug_line    0x000000000000304c     0x12d9 ./Drivers/STM32F7xx_HAL_Driver/stm32f7xx_hal_dma.o
 .debug_line    0x0000000000004325      0xd03 ./Drivers/STM32F7xx_HAL_Driver/stm32f7xx_hal_gpio.o
 .debug_line    0x0000000000005028      0xb87 ./Drivers/STM32F7xx_HAL_Driver/stm32f7xx_hal_pwr_ex.o
 .debug_line    0x0000000000005baf     0x1b25 ./Drivers/STM32F7xx_HAL_Driver/stm32f7xx_hal_qspi.o
 .debug_line    0x00000000000076d4     0x1280 ./Drivers/STM32F7xx_HAL_Driver/stm32f7xx_hal_rcc.o
 .debug_line    0x0000000000008954       0xc8 ./Example/SW4STM32/startup_stm32f746xx.o
 .debug_line    0x0000000000008a1c      0xefc ./Example/User/main.o
 .debug_line    0x0000000000009918      0x945 ./Example/User/stm32f7xx_hal_msp.o
 .debug_line    0x000000000000a25d      0x89d ./Example/User/stm32f7xx_it.o

.debug_str      0x0000000000000000    0xe953e
 .debug_str     0x0000000000000000    0xe67a1 ./Drivers/BSP/STM32746G-DISCOVERY/stm32746g_discovery.o
                                      0xe6f9a (size before relaxing)
 .debug_str     0x00000000000e67a1      0x1d1 ./Drivers/CMSIS/system_stm32f7xx.o
                                      0xe4baa (size before relaxing)
 .debug_str     0x00000000000e6972      0x418 ./Drivers/STM32F7xx_HAL_Driver/stm32f7xx_hal.o
                                      0xe54dd (size before relaxing)
 .debug_str     0x00000000000e6d8a      0x362 ./Drivers/STM32F7xx_HAL_Driver/stm32f7xx_hal_cortex.o
                                      0xe5517 (size before relaxing)
 .debug_str     0x00000000000e70ec      0x37c ./Drivers/STM32F7xx_HAL_Driver/stm32f7xx_hal_dma.o
                                      0xe4ef5 (size before relaxing)
 .debug_str     0x00000000000e7468      0x23e ./Drivers/STM32F7xx_HAL_Driver/stm32f7xx_hal_gpio.o
                                      0xe4d85 (size before relaxing)
 .debug_str     0x00000000000e76a6      0x230 ./Drivers/STM32F7xx_HAL_Driver/stm32f7xx_hal_pwr_ex.o
                                      0xe4e35 (size before relaxing)
 .debug_str     0x00000000000e78d6      0x8eb ./Drivers/STM32F7xx_HAL_Driver/stm32f7xx_hal_qspi.o
                                      0xe5523 (size before relaxing)
 .debug_str     0x00000000000e81c1      0x3ac ./Drivers/STM32F7xx_HAL_Driver/stm32f7xx_hal_rcc.o
                                      0xe4ef1 (size before relaxing)
 .debug_str     0x00000000000e856d       0x79 ./Example/SW4STM32/startup_stm32f746xx.o
                                         0xe8 (size before relaxing)
 .debug_str     0x00000000000e85e6      0xde0 ./Example/User/main.o
                                      0xe7231 (size before relaxing)
 .debug_str     0x00000000000e93c6       0x64 ./Example/User/stm32f7xx_hal_msp.o
                                      0xe732b (size before relaxing)
 .debug_str     0x00000000000e942a      0x114 ./Example/User/stm32f7xx_it.o
                                      0xe6c43 (size before relaxing)

.comment        0x0000000000000000       0x53
 .comment       0x0000000000000000       0x53 ./Drivers/BSP/STM32746G-DISCOVERY/stm32746g_discovery.o
                                         0x54 (size before relaxing)
 .comment       0x0000000000000053       0x54 ./Drivers/CMSIS/system_stm32f7xx.o
 .comment       0x0000000000000053       0x54 ./Drivers/STM32F7xx_HAL_Driver/stm32f7xx_hal.o
 .comment       0x0000000000000053       0x54 ./Drivers/STM32F7xx_HAL_Driver/stm32f7xx_hal_cortex.o
 .comment       0x0000000000000053       0x54 ./Drivers/STM32F7xx_HAL_Driver/stm32f7xx_hal_dma.o
 .comment       0x0000000000000053       0x54 ./Drivers/STM32F7xx_HAL_Driver/stm32f7xx_hal_gpio.o
 .comment       0x0000000000000053       0x54 ./Drivers/STM32F7xx_HAL_Driver/stm32f7xx_hal_pwr_ex.o
 .comment       0x0000000000000053       0x54 ./Drivers/STM32F7xx_HAL_Driver/stm32f7xx_hal_qspi.o
 .comment       0x0000000000000053       0x54 ./Drivers/STM32F7xx_HAL_Driver/stm32f7xx_hal_rcc.o
 .comment       0x0000000000000053       0x54 ./Example/User/main.o
 .comment       0x0000000000000053       0x54 ./Example/User/stm32f7xx_hal_msp.o
 .comment       0x0000000000000053       0x54 ./Example/User/stm32f7xx_it.o

.debug_frame    0x0000000000000000     0x11f4
 .debug_frame   0x0000000000000000      0x2e0 ./Drivers/BSP/STM32746G-DISCOVERY/stm32746g_discovery.o
 .debug_frame   0x00000000000002e0       0x38 ./Drivers/CMSIS/system_stm32f7xx.o
 .debug_frame   0x0000000000000318      0x214 ./Drivers/STM32F7xx_HAL_Driver/stm32f7xx_hal.o
 .debug_frame   0x000000000000052c      0x158 ./Drivers/STM32F7xx_HAL_Driver/stm32f7xx_hal_cortex.o
 .debug_frame   0x0000000000000684      0x164 ./Drivers/STM32F7xx_HAL_Driver/stm32f7xx_hal_dma.o
 .debug_frame   0x00000000000007e8       0xd4 ./Drivers/STM32F7xx_HAL_Driver/stm32f7xx_hal_gpio.o
 .debug_frame   0x00000000000008bc      0x140 ./Drivers/STM32F7xx_HAL_Driver/stm32f7xx_hal_pwr_ex.o
 .debug_frame   0x00000000000009fc      0x410 ./Drivers/STM32F7xx_HAL_Driver/stm32f7xx_hal_qspi.o
 .debug_frame   0x0000000000000e0c      0x148 ./Drivers/STM32F7xx_HAL_Driver/stm32f7xx_hal_rcc.o
 .debug_frame   0x0000000000000f54      0x104 ./Example/User/main.o
 .debug_frame   0x0000000000001058       0x50 ./Example/User/stm32f7xx_hal_msp.o
 .debug_frame   0x00000000000010a8       0xc0 ./Example/User/stm32f7xx_it.o
 .debug_frame   0x0000000000001168       0x2c /Applications/STM32CubeIDE.app/Contents/Eclipse/plugins/com.st.stm32cube.ide.mcu.externaltools.gnu-tools-for-stm32.9-2020-q2-update.macos64_2.0.0.202105311346/tools/bin/../lib/gcc/arm-none-eabi/9.3.1/../../../../arm-none-eabi/lib/thumb/v7e-m+fp/hard/libc_nano.a(lib_a-init.o)
 .debug_frame   0x0000000000001194       0x2c /Applications/STM32CubeIDE.app/Contents/Eclipse/plugins/com.st.stm32cube.ide.mcu.externaltools.gnu-tools-for-stm32.9-2020-q2-update.macos64_2.0.0.202105311346/tools/bin/../lib/gcc/arm-none-eabi/9.3.1/thumb/v7e-m+fp/hard/libgcc.a(_aeabi_uldivmod.o)
 .debug_frame   0x00000000000011c0       0x34 /Applications/STM32CubeIDE.app/Contents/Eclipse/plugins/com.st.stm32cube.ide.mcu.externaltools.gnu-tools-for-stm32.9-2020-q2-update.macos64_2.0.0.202105311346/tools/bin/../lib/gcc/arm-none-eabi/9.3.1/thumb/v7e-m+fp/hard/libgcc.a(_udivmoddi4.o)
