Archive member included to satisfy reference by file (symbol)

c:/st/stm32cubeide_1.7.0/stm32cubeide/plugins/com.st.stm32cube.ide.mcu.externaltools.gnu-tools-for-stm32.9-2020-q2-update.win32_2.0.0.202105311346/tools/bin/../lib/gcc/arm-none-eabi/9.3.1/../../../../arm-none-eabi/lib/thumb/v7e-m+fp/hard\libc_nano.a(lib_a-exit.o)
                              c:/st/stm32cubeide_1.7.0/stm32cubeide/plugins/com.st.stm32cube.ide.mcu.externaltools.gnu-tools-for-stm32.9-2020-q2-update.win32_2.0.0.202105311346/tools/bin/../lib/gcc/arm-none-eabi/9.3.1/../../../../arm-none-eabi/lib/thumb/v7e-m+fp/hard/crt0.o (exit)
c:/st/stm32cubeide_1.7.0/stm32cubeide/plugins/com.st.stm32cube.ide.mcu.externaltools.gnu-tools-for-stm32.9-2020-q2-update.win32_2.0.0.202105311346/tools/bin/../lib/gcc/arm-none-eabi/9.3.1/../../../../arm-none-eabi/lib/thumb/v7e-m+fp/hard\libc_nano.a(lib_a-impure.o)
                              c:/st/stm32cubeide_1.7.0/stm32cubeide/plugins/com.st.stm32cube.ide.mcu.externaltools.gnu-tools-for-stm32.9-2020-q2-update.win32_2.0.0.202105311346/tools/bin/../lib/gcc/arm-none-eabi/9.3.1/../../../../arm-none-eabi/lib/thumb/v7e-m+fp/hard\libc_nano.a(lib_a-exit.o) (_global_impure_ptr)
c:/st/stm32cubeide_1.7.0/stm32cubeide/plugins/com.st.stm32cube.ide.mcu.externaltools.gnu-tools-for-stm32.9-2020-q2-update.win32_2.0.0.202105311346/tools/bin/../lib/gcc/arm-none-eabi/9.3.1/../../../../arm-none-eabi/lib/thumb/v7e-m+fp/hard\libc_nano.a(lib_a-init.o)
                              c:/st/stm32cubeide_1.7.0/stm32cubeide/plugins/com.st.stm32cube.ide.mcu.externaltools.gnu-tools-for-stm32.9-2020-q2-update.win32_2.0.0.202105311346/tools/bin/../lib/gcc/arm-none-eabi/9.3.1/../../../../arm-none-eabi/lib/thumb/v7e-m+fp/hard/crt0.o (__libc_init_array)
c:/st/stm32cubeide_1.7.0/stm32cubeide/plugins/com.st.stm32cube.ide.mcu.externaltools.gnu-tools-for-stm32.9-2020-q2-update.win32_2.0.0.202105311346/tools/bin/../lib/gcc/arm-none-eabi/9.3.1/../../../../arm-none-eabi/lib/thumb/v7e-m+fp/hard\libc_nano.a(lib_a-memset.o)
                              c:/st/stm32cubeide_1.7.0/stm32cubeide/plugins/com.st.stm32cube.ide.mcu.externaltools.gnu-tools-for-stm32.9-2020-q2-update.win32_2.0.0.202105311346/tools/bin/../lib/gcc/arm-none-eabi/9.3.1/../../../../arm-none-eabi/lib/thumb/v7e-m+fp/hard/crt0.o (memset)
c:/st/stm32cubeide_1.7.0/stm32cubeide/plugins/com.st.stm32cube.ide.mcu.externaltools.gnu-tools-for-stm32.9-2020-q2-update.win32_2.0.0.202105311346/tools/bin/../lib/gcc/arm-none-eabi/9.3.1/thumb/v7e-m+fp/hard\libgcc.a(_aeabi_ldivmod.o)
                              ./Drivers/STM32F7xx_HAL_Driver/stm32f7xx_hal_rcc.o (__aeabi_ldivmod)
c:/st/stm32cubeide_1.7.0/stm32cubeide/plugins/com.st.stm32cube.ide.mcu.externaltools.gnu-tools-for-stm32.9-2020-q2-update.win32_2.0.0.202105311346/tools/bin/../lib/gcc/arm-none-eabi/9.3.1/thumb/v7e-m+fp/hard\libgcc.a(_aeabi_uldivmod.o)
                              ./Drivers/STM32F7xx_HAL_Driver/stm32f7xx_hal_rcc.o (__aeabi_uldivmod)
c:/st/stm32cubeide_1.7.0/stm32cubeide/plugins/com.st.stm32cube.ide.mcu.externaltools.gnu-tools-for-stm32.9-2020-q2-update.win32_2.0.0.202105311346/tools/bin/../lib/gcc/arm-none-eabi/9.3.1/thumb/v7e-m+fp/hard\libgcc.a(_udivmoddi4.o)
                              c:/st/stm32cubeide_1.7.0/stm32cubeide/plugins/com.st.stm32cube.ide.mcu.externaltools.gnu-tools-for-stm32.9-2020-q2-update.win32_2.0.0.202105311346/tools/bin/../lib/gcc/arm-none-eabi/9.3.1/thumb/v7e-m+fp/hard\libgcc.a(_aeabi_ldivmod.o) (__udivmoddi4)
c:/st/stm32cubeide_1.7.0/stm32cubeide/plugins/com.st.stm32cube.ide.mcu.externaltools.gnu-tools-for-stm32.9-2020-q2-update.win32_2.0.0.202105311346/tools/bin/../lib/gcc/arm-none-eabi/9.3.1/thumb/v7e-m+fp/hard\libgcc.a(_dvmd_tls.o)
                              c:/st/stm32cubeide_1.7.0/stm32cubeide/plugins/com.st.stm32cube.ide.mcu.externaltools.gnu-tools-for-stm32.9-2020-q2-update.win32_2.0.0.202105311346/tools/bin/../lib/gcc/arm-none-eabi/9.3.1/thumb/v7e-m+fp/hard\libgcc.a(_aeabi_ldivmod.o) (__aeabi_ldiv0)
c:/st/stm32cubeide_1.7.0/stm32cubeide/plugins/com.st.stm32cube.ide.mcu.externaltools.gnu-tools-for-stm32.9-2020-q2-update.win32_2.0.0.202105311346/tools/bin/../lib/gcc/arm-none-eabi/9.3.1/../../../../arm-none-eabi/lib/thumb/v7e-m+fp/hard\libnosys.a(_exit.o)
                              c:/st/stm32cubeide_1.7.0/stm32cubeide/plugins/com.st.stm32cube.ide.mcu.externaltools.gnu-tools-for-stm32.9-2020-q2-update.win32_2.0.0.202105311346/tools/bin/../lib/gcc/arm-none-eabi/9.3.1/../../../../arm-none-eabi/lib/thumb/v7e-m+fp/hard\libc_nano.a(lib_a-exit.o) (_exit)

Allocating common symbols
Common symbol       size              file

uwTick              0x4               ./Drivers/STM32F7xx_HAL_Driver/stm32f7xx_hal.o

Discarded input sections

 .text          0x0000000000000000        0x0 c:/st/stm32cubeide_1.7.0/stm32cubeide/plugins/com.st.stm32cube.ide.mcu.externaltools.gnu-tools-for-stm32.9-2020-q2-update.win32_2.0.0.202105311346/tools/bin/../lib/gcc/arm-none-eabi/9.3.1/thumb/v7e-m+fp/hard/crti.o
[...]
Memory Configuration

Name             Origin             Length             Attributes
FLASH            0x0000000008000000 0x0000000000100000 xr
RAM              0x0000000020000000 0x0000000000050000 xrw
*default*        0x0000000000000000 0xffffffffffffffff

Linker script and memory map

LOAD c:/st/stm32cubeide_1.7.0/stm32cubeide/plugins/com.st.stm32cube.ide.mcu.externaltools.gnu-tools-for-stm32.9-2020-q2-update.win32_2.0.0.202105311346/tools/bin/../lib/gcc/arm-none-eabi/9.3.1/thumb/v7e-m+fp/hard/crti.o
LOAD c:/st/stm32cubeide_1.7.0/stm32cubeide/plugins/com.st.stm32cube.ide.mcu.externaltools.gnu-tools-for-stm32.9-2020-q2-update.win32_2.0.0.202105311346/tools/bin/../lib/gcc/arm-none-eabi/9.3.1/thumb/v7e-m+fp/hard/crtbegin.o
LOAD c:/st/stm32cubeide_1.7.0/stm32cubeide/plugins/com.st.stm32cube.ide.mcu.externaltools.gnu-tools-for-stm32.9-2020-q2-update.win32_2.0.0.202105311346/tools/bin/../lib/gcc/arm-none-eabi/9.3.1/../../../../arm-none-eabi/lib/thumb/v7e-m+fp/hard/crt0.o
LOAD ./Drivers/BSP/STM32746G-Discovery/stm32746g_discovery.o
LOAD ./Drivers/CMSIS/system_stm32f7xx.o
LOAD ./Drivers/STM32F7xx_HAL_Driver/stm32f7xx_hal.o
LOAD ./Drivers/STM32F7xx_HAL_Driver/stm32f7xx_hal_cortex.o
LOAD ./Drivers/STM32F7xx_HAL_Driver/stm32f7xx_hal_dma.o
LOAD ./Drivers/STM32F7xx_HAL_Driver/stm32f7xx_hal_gpio.o
LOAD ./Drivers/STM32F7xx_HAL_Driver/stm32f7xx_hal_i2c.o
LOAD ./Drivers/STM32F7xx_HAL_Driver/stm32f7xx_hal_i2c_ex.o
LOAD ./Drivers/STM32F7xx_HAL_Driver/stm32f7xx_hal_ltdc.o
LOAD ./Drivers/STM32F7xx_HAL_Driver/stm32f7xx_hal_pwr.o
LOAD ./Drivers/STM32F7xx_HAL_Driver/stm32f7xx_hal_pwr_ex.o
LOAD ./Drivers/STM32F7xx_HAL_Driver/stm32f7xx_hal_rcc.o
LOAD ./Drivers/STM32F7xx_HAL_Driver/stm32f7xx_hal_rcc_ex.o
LOAD ./Drivers/STM32F7xx_HAL_Driver/stm32f7xx_hal_sdram.o
LOAD ./Drivers/STM32F7xx_HAL_Driver/stm32f7xx_hal_uart.o
LOAD ./Drivers/STM32F7xx_HAL_Driver/stm32f7xx_ll_fmc.o
LOAD ./Example/SW4STM32/startup_stm32f746xx.o
LOAD ./Example/User/main.o
LOAD ./Example/User/stm32f7xx_hal_msp.o
LOAD ./Example/User/stm32f7xx_it.o
START GROUP
LOAD c:/st/stm32cubeide_1.7.0/stm32cubeide/plugins/com.st.stm32cube.ide.mcu.externaltools.gnu-tools-for-stm32.9-2020-q2-update.win32_2.0.0.202105311346/tools/bin/../lib/gcc/arm-none-eabi/9.3.1/../../../../arm-none-eabi/lib/thumb/v7e-m+fp/hard\libc_nano.a
LOAD c:/st/stm32cubeide_1.7.0/stm32cubeide/plugins/com.st.stm32cube.ide.mcu.externaltools.gnu-tools-for-stm32.9-2020-q2-update.win32_2.0.0.202105311346/tools/bin/../lib/gcc/arm-none-eabi/9.3.1/../../../../arm-none-eabi/lib/thumb/v7e-m+fp/hard\libm.a
END GROUP
START GROUP
LOAD c:/st/stm32cubeide_1.7.0/stm32cubeide/plugins/com.st.stm32cube.ide.mcu.externaltools.gnu-tools-for-stm32.9-2020-q2-update.win32_2.0.0.202105311346/tools/bin/../lib/gcc/arm-none-eabi/9.3.1/thumb/v7e-m+fp/hard\libgcc.a
LOAD c:/st/stm32cubeide_1.7.0/stm32cubeide/plugins/com.st.stm32cube.ide.mcu.externaltools.gnu-tools-for-stm32.9-2020-q2-update.win32_2.0.0.202105311346/tools/bin/../lib/gcc/arm-none-eabi/9.3.1/../../../../arm-none-eabi/lib/thumb/v7e-m+fp/hard\libc_nano.a
END GROUP
START GROUP
LOAD c:/st/stm32cubeide_1.7.0/stm32cubeide/plugins/com.st.stm32cube.ide.mcu.externaltools.gnu-tools-for-stm32.9-2020-q2-update.win32_2.0.0.202105311346/tools/bin/../lib/gcc/arm-none-eabi/9.3.1/thumb/v7e-m+fp/hard\libgcc.a
LOAD c:/st/stm32cubeide_1.7.0/stm32cubeide/plugins/com.st.stm32cube.ide.mcu.externaltools.gnu-tools-for-stm32.9-2020-q2-update.win32_2.0.0.202105311346/tools/bin/../lib/gcc/arm-none-eabi/9.3.1/../../../../arm-none-eabi/lib/thumb/v7e-m+fp/hard\libc_nano.a
LOAD c:/st/stm32cubeide_1.7.0/stm32cubeide/plugins/com.st.stm32cube.ide.mcu.externaltools.gnu-tools-for-stm32.9-2020-q2-update.win32_2.0.0.202105311346/tools/bin/../lib/gcc/arm-none-eabi/9.3.1/../../../../arm-none-eabi/lib/thumb/v7e-m+fp/hard\libnosys.a
END GROUP
START GROUP
LOAD c:/st/stm32cubeide_1.7.0/stm32cubeide/plugins/com.st.stm32cube.ide.mcu.externaltools.gnu-tools-for-stm32.9-2020-q2-update.win32_2.0.0.202105311346/tools/bin/../lib/gcc/arm-none-eabi/9.3.1/thumb/v7e-m+fp/hard\libgcc.a
LOAD c:/st/stm32cubeide_1.7.0/stm32cubeide/plugins/com.st.stm32cube.ide.mcu.externaltools.gnu-tools-for-stm32.9-2020-q2-update.win32_2.0.0.202105311346/tools/bin/../lib/gcc/arm-none-eabi/9.3.1/../../../../arm-none-eabi/lib/thumb/v7e-m+fp/hard\libc_nano.a
LOAD c:/st/stm32cubeide_1.7.0/stm32cubeide/plugins/com.st.stm32cube.ide.mcu.externaltools.gnu-tools-for-stm32.9-2020-q2-update.win32_2.0.0.202105311346/tools/bin/../lib/gcc/arm-none-eabi/9.3.1/../../../../arm-none-eabi/lib/thumb/v7e-m+fp/hard\libnosys.a
END GROUP
LOAD c:/st/stm32cubeide_1.7.0/stm32cubeide/plugins/com.st.stm32cube.ide.mcu.externaltools.gnu-tools-for-stm32.9-2020-q2-update.win32_2.0.0.202105311346/tools/bin/../lib/gcc/arm-none-eabi/9.3.1/thumb/v7e-m+fp/hard/crtend.o
LOAD c:/st/stm32cubeide_1.7.0/stm32cubeide/plugins/com.st.stm32cube.ide.mcu.externaltools.gnu-tools-for-stm32.9-2020-q2-update.win32_2.0.0.202105311346/tools/bin/../lib/gcc/arm-none-eabi/9.3.1/thumb/v7e-m+fp/hard/crtn.o
                0x0000000020050000                _estack = 0x20050000
                0x0000000000000200                _Min_Heap_Size = 0x200
                0x0000000000000400                _Min_Stack_Size = 0x400

.isr_vector     0x0000000008000000      0x1c8
                0x0000000008000000                . = ALIGN (0x4)
 *(.isr_vector)
 .isr_vector    0x0000000008000000      0x1c8 ./Example/SW4STM32/startup_stm32f746xx.o
                0x0000000008000000                g_pfnVectors
                0x00000000080001c8                . = ALIGN (0x4)

.text           0x00000000080001c8     0x1760
                0x00000000080001c8                . = ALIGN (0x4)
 *(.text)
 .text          0x00000000080001c8       0x40 c:/st/stm32cubeide_1.7.0/stm32cubeide/plugins/com.st.stm32cube.ide.mcu.externaltools.gnu-tools-for-stm32.9-2020-q2-update.win32_2.0.0.202105311346/tools/bin/../lib/gcc/arm-none-eabi/9.3.1/thumb/v7e-m+fp/hard/crtbegin.o
 .text          0x0000000008000208       0x30 c:/st/stm32cubeide_1.7.0/stm32cubeide/plugins/com.st.stm32cube.ide.mcu.externaltools.gnu-tools-for-stm32.9-2020-q2-update.win32_2.0.0.202105311346/tools/bin/../lib/gcc/arm-none-eabi/9.3.1/thumb/v7e-m+fp/hard\libgcc.a(_aeabi_uldivmod.o)
                0x0000000008000208                __aeabi_uldivmod
 .text          0x0000000008000238      0x2c4 c:/st/stm32cubeide_1.7.0/stm32cubeide/plugins/com.st.stm32cube.ide.mcu.externaltools.gnu-tools-for-stm32.9-2020-q2-update.win32_2.0.0.202105311346/tools/bin/../lib/gcc/arm-none-eabi/9.3.1/thumb/v7e-m+fp/hard\libgcc.a(_udivmoddi4.o)
                0x0000000008000238                __udivmoddi4
 .text          0x00000000080004fc        0x4 c:/st/stm32cubeide_1.7.0/stm32cubeide/plugins/com.st.stm32cube.ide.mcu.externaltools.gnu-tools-for-stm32.9-2020-q2-update.win32_2.0.0.202105311346/tools/bin/../lib/gcc/arm-none-eabi/9.3.1/thumb/v7e-m+fp/hard\libgcc.a(_dvmd_tls.o)
                0x00000000080004fc                __aeabi_idiv0
                0x00000000080004fc                __aeabi_ldiv0
 *(.text*)
 .text.BSP_LED_Init
                0x0000000008000500       0x48 ./Drivers/BSP/STM32746G-Discovery/stm32746g_discovery.o
                0x0000000008000500                BSP_LED_Init
 .text.BSP_LED_On
                0x0000000008000548       0x14 ./Drivers/BSP/STM32746G-Discovery/stm32746g_discovery.o
                0x0000000008000548                BSP_LED_On
 .text.SystemInit
                0x000000000800055c       0x4c ./Drivers/CMSIS/system_stm32f7xx.o
                0x000000000800055c                SystemInit
 .text.HAL_MspInit
                0x00000000080005a8        0x2 ./Drivers/STM32F7xx_HAL_Driver/stm32f7xx_hal.o
                0x00000000080005a8                HAL_MspInit
 *fill*         0x00000000080005aa        0x2 
 .text.HAL_InitTick
                0x00000000080005ac       0x44 ./Drivers/STM32F7xx_HAL_Driver/stm32f7xx_hal.o
                0x00000000080005ac                HAL_InitTick
 .text.HAL_Init
                0x00000000080005f0       0x24 ./Drivers/STM32F7xx_HAL_Driver/stm32f7xx_hal.o
                0x00000000080005f0                HAL_Init
 .text.HAL_IncTick
                0x0000000008000614       0x18 ./Drivers/STM32F7xx_HAL_Driver/stm32f7xx_hal.o
                0x0000000008000614                HAL_IncTick
 .text.HAL_GetTick
                0x000000000800062c        0xc ./Drivers/STM32F7xx_HAL_Driver/stm32f7xx_hal.o
                0x000000000800062c                HAL_GetTick
 .text.HAL_NVIC_SetPriorityGrouping
                0x0000000008000638       0x24 ./Drivers/STM32F7xx_HAL_Driver/stm32f7xx_hal_cortex.o
                0x0000000008000638                HAL_NVIC_SetPriorityGrouping
 .text.HAL_NVIC_SetPriority
                0x000000000800065c       0x64 ./Drivers/STM32F7xx_HAL_Driver/stm32f7xx_hal_cortex.o
                0x000000000800065c                HAL_NVIC_SetPriority
 .text.HAL_SYSTICK_Config
                0x00000000080006c0       0x2c ./Drivers/STM32F7xx_HAL_Driver/stm32f7xx_hal_cortex.o
                0x00000000080006c0                HAL_SYSTICK_Config
 .text.HAL_GPIO_Init
                0x00000000080006ec      0x1cc ./Drivers/STM32F7xx_HAL_Driver/stm32f7xx_hal_gpio.o
                0x00000000080006ec                HAL_GPIO_Init
 .text.HAL_GPIO_WritePin
                0x00000000080008b8        0xa ./Drivers/STM32F7xx_HAL_Driver/stm32f7xx_hal_gpio.o
                0x00000000080008b8                HAL_GPIO_WritePin
 .text.LTDC_SetConfig
                0x00000000080008c2      0x10c ./Drivers/STM32F7xx_HAL_Driver/stm32f7xx_hal_ltdc.o
 *fill*         0x00000000080009ce        0x2 
 .text.HAL_LTDC_Init
                0x00000000080009d0       0xd8 ./Drivers/STM32F7xx_HAL_Driver/stm32f7xx_hal_ltdc.o
                0x00000000080009d0                HAL_LTDC_Init
 .text.HAL_LTDC_ConfigLayer
                0x0000000008000aa8       0x5a ./Drivers/STM32F7xx_HAL_Driver/stm32f7xx_hal_ltdc.o
                0x0000000008000aa8                HAL_LTDC_ConfigLayer
 *fill*         0x0000000008000b02        0x2 
 .text.HAL_PWREx_EnableOverDrive
                0x0000000008000b04       0x70 ./Drivers/STM32F7xx_HAL_Driver/stm32f7xx_hal_pwr_ex.o
                0x0000000008000b04                HAL_PWREx_EnableOverDrive
 .text.HAL_RCC_OscConfig
                0x0000000008000b74      0x37c ./Drivers/STM32F7xx_HAL_Driver/stm32f7xx_hal_rcc.o
                0x0000000008000b74                HAL_RCC_OscConfig
 .text.HAL_RCC_GetSysClockFreq
                0x0000000008000ef0       0x5c ./Drivers/STM32F7xx_HAL_Driver/stm32f7xx_hal_rcc.o
                0x0000000008000ef0                HAL_RCC_GetSysClockFreq
 .text.HAL_RCC_ClockConfig
                0x0000000008000f4c      0x140 ./Drivers/STM32F7xx_HAL_Driver/stm32f7xx_hal_rcc.o
                0x0000000008000f4c                HAL_RCC_ClockConfig
 .text.HAL_RCCEx_PeriphCLKConfig
                0x000000000800108c      0x510 ./Drivers/STM32F7xx_HAL_Driver/stm32f7xx_hal_rcc_ex.o
                0x000000000800108c                HAL_RCCEx_PeriphCLKConfig
 .text.Reset_Handler
                0x000000000800159c       0x50 ./Example/SW4STM32/startup_stm32f746xx.o
                0x000000000800159c                Reset_Handler
 .text.Default_Handler
                0x00000000080015ec        0x2 ./Example/SW4STM32/startup_stm32f746xx.o
                0x00000000080015ec                RTC_Alarm_IRQHandler
                0x00000000080015ec                EXTI2_IRQHandler
                0x00000000080015ec                TIM8_CC_IRQHandler
                0x00000000080015ec                UART8_IRQHandler
                0x00000000080015ec                SPI4_IRQHandler
                0x00000000080015ec                TIM1_CC_IRQHandler
                0x00000000080015ec                DMA2_Stream5_IRQHandler
                0x00000000080015ec                DMA1_Stream5_IRQHandler
                0x00000000080015ec                PVD_IRQHandler
                0x00000000080015ec                TAMP_STAMP_IRQHandler
                0x00000000080015ec                CAN2_RX1_IRQHandler
                0x00000000080015ec                EXTI3_IRQHandler
                0x00000000080015ec                TIM8_TRG_COM_TIM14_IRQHandler
                0x00000000080015ec                TIM1_UP_TIM10_IRQHandler
                0x00000000080015ec                TIM8_UP_TIM13_IRQHandler
                0x00000000080015ec                I2C3_ER_IRQHandler
                0x00000000080015ec                EXTI0_IRQHandler
                0x00000000080015ec                I2C2_EV_IRQHandler
                0x00000000080015ec                DMA1_Stream2_IRQHandler
                0x00000000080015ec                CAN1_RX0_IRQHandler
                0x00000000080015ec                FPU_IRQHandler
                0x00000000080015ec                OTG_HS_WKUP_IRQHandler
                0x00000000080015ec                LTDC_ER_IRQHandler
                0x00000000080015ec                CAN2_SCE_IRQHandler
                0x00000000080015ec                DMA2_Stream2_IRQHandler
                0x00000000080015ec                SPI1_IRQHandler
                0x00000000080015ec                TIM6_DAC_IRQHandler
                0x00000000080015ec                TIM1_BRK_TIM9_IRQHandler
                0x00000000080015ec                DCMI_IRQHandler
                0x00000000080015ec                CAN2_RX0_IRQHandler
                0x00000000080015ec                DMA2_Stream3_IRQHandler
                0x00000000080015ec                SAI2_IRQHandler
                0x00000000080015ec                USART6_IRQHandler
                0x00000000080015ec                USART3_IRQHandler
                0x00000000080015ec                CAN1_RX1_IRQHandler
                0x00000000080015ec                UART5_IRQHandler
                0x00000000080015ec                DMA2_Stream0_IRQHandler
                0x00000000080015ec                TIM4_IRQHandler
                0x00000000080015ec                QUADSPI_IRQHandler
                0x00000000080015ec                I2C1_EV_IRQHandler
                0x00000000080015ec                DMA1_Stream6_IRQHandler
                0x00000000080015ec                DMA1_Stream1_IRQHandler
                0x00000000080015ec                UART4_IRQHandler
                0x00000000080015ec                TIM3_IRQHandler
                0x00000000080015ec                RCC_IRQHandler
                0x00000000080015ec                TIM8_BRK_TIM12_IRQHandler
                0x00000000080015ec                Default_Handler
                0x00000000080015ec                CEC_IRQHandler
                0x00000000080015ec                EXTI15_10_IRQHandler
                0x00000000080015ec                ADC_IRQHandler
                0x00000000080015ec                DMA1_Stream7_IRQHandler
                0x00000000080015ec                SPI5_IRQHandler
                0x00000000080015ec                TIM7_IRQHandler
                0x00000000080015ec                SDMMC1_IRQHandler
                0x00000000080015ec                CAN2_TX_IRQHandler
                0x00000000080015ec                TIM5_IRQHandler
                0x00000000080015ec                DMA2_Stream7_IRQHandler
                0x00000000080015ec                I2C3_EV_IRQHandler
                0x00000000080015ec                EXTI9_5_IRQHandler
                0x00000000080015ec                RTC_WKUP_IRQHandler
                0x00000000080015ec                LTDC_IRQHandler
                0x00000000080015ec                ETH_WKUP_IRQHandler
                0x00000000080015ec                SPDIF_RX_IRQHandler
                0x00000000080015ec                SPI2_IRQHandler
                0x00000000080015ec                OTG_HS_EP1_IN_IRQHandler
                0x00000000080015ec                DMA1_Stream0_IRQHandler
                0x00000000080015ec                CAN1_TX_IRQHandler
                0x00000000080015ec                EXTI4_IRQHandler
                0x00000000080015ec                RNG_IRQHandler
                0x00000000080015ec                ETH_IRQHandler
                0x00000000080015ec                OTG_HS_EP1_OUT_IRQHandler
                0x00000000080015ec                WWDG_IRQHandler
                0x00000000080015ec                SPI6_IRQHandler
                0x00000000080015ec                I2C4_EV_IRQHandler
                0x00000000080015ec                TIM2_IRQHandler
                0x00000000080015ec                OTG_FS_WKUP_IRQHandler
                0x00000000080015ec                TIM1_TRG_COM_TIM11_IRQHandler
                0x00000000080015ec                OTG_HS_IRQHandler
                0x00000000080015ec                DMA2D_IRQHandler
                0x00000000080015ec                EXTI1_IRQHandler
                0x00000000080015ec                UART7_IRQHandler
                0x00000000080015ec                USART2_IRQHandler
                0x00000000080015ec                I2C2_ER_IRQHandler
                0x00000000080015ec                DMA2_Stream1_IRQHandler
                0x00000000080015ec                CAN1_SCE_IRQHandler
                0x00000000080015ec                FLASH_IRQHandler
                0x00000000080015ec                DMA2_Stream4_IRQHandler
                0x00000000080015ec                USART1_IRQHandler
                0x00000000080015ec                OTG_FS_IRQHandler
                0x00000000080015ec                SPI3_IRQHandler
                0x00000000080015ec                DMA1_Stream4_IRQHandler
                0x00000000080015ec                I2C1_ER_IRQHandler
                0x00000000080015ec                FMC_IRQHandler
                0x00000000080015ec                LPTIM1_IRQHandler
                0x00000000080015ec                I2C4_ER_IRQHandler
                0x00000000080015ec                DMA2_Stream6_IRQHandler
                0x00000000080015ec                SAI1_IRQHandler
                0x00000000080015ec                DMA1_Stream3_IRQHandler
 *fill*         0x00000000080015ee        0x2 
 .text.startup.main
                0x00000000080015f0      0x198 ./Example/User/main.o
                0x00000000080015f0                main
 .text.HAL_LTDC_MspInit
                0x0000000008001788      0x12c ./Example/User/stm32f7xx_hal_msp.o
                0x0000000008001788                HAL_LTDC_MspInit
 .text.NMI_Handler
                0x00000000080018b4        0x2 ./Example/User/stm32f7xx_it.o
                0x00000000080018b4                NMI_Handler
 .text.HardFault_Handler
                0x00000000080018b6        0x2 ./Example/User/stm32f7xx_it.o
                0x00000000080018b6                HardFault_Handler
 .text.MemManage_Handler
                0x00000000080018b8        0x2 ./Example/User/stm32f7xx_it.o
                0x00000000080018b8                MemManage_Handler
 .text.BusFault_Handler
                0x00000000080018ba        0x2 ./Example/User/stm32f7xx_it.o
                0x00000000080018ba                BusFault_Handler
 .text.UsageFault_Handler
                0x00000000080018bc        0x2 ./Example/User/stm32f7xx_it.o
                0x00000000080018bc                UsageFault_Handler
 .text.SVC_Handler
                0x00000000080018be        0x2 ./Example/User/stm32f7xx_it.o
                0x00000000080018be                SVC_Handler
 .text.DebugMon_Handler
                0x00000000080018c0        0x2 ./Example/User/stm32f7xx_it.o
                0x00000000080018c0                DebugMon_Handler
 .text.PendSV_Handler
                0x00000000080018c2        0x2 ./Example/User/stm32f7xx_it.o
                0x00000000080018c2                PendSV_Handler
 .text.SysTick_Handler
                0x00000000080018c4        0x4 ./Example/User/stm32f7xx_it.o
                0x00000000080018c4                SysTick_Handler
 .text.__libc_init_array
                0x00000000080018c8       0x48 c:/st/stm32cubeide_1.7.0/stm32cubeide/plugins/com.st.stm32cube.ide.mcu.externaltools.gnu-tools-for-stm32.9-2020-q2-update.win32_2.0.0.202105311346/tools/bin/../lib/gcc/arm-none-eabi/9.3.1/../../../../arm-none-eabi/lib/thumb/v7e-m+fp/hard\libc_nano.a(lib_a-init.o)
                0x00000000080018c8                __libc_init_array
 *(.glue_7)
 .glue_7        0x0000000008001910        0x0 linker stubs
 *(.glue_7t)
 .glue_7t       0x0000000008001910        0x0 linker stubs
 *(.eh_frame)
 .eh_frame      0x0000000008001910        0x0 c:/st/stm32cubeide_1.7.0/stm32cubeide/plugins/com.st.stm32cube.ide.mcu.externaltools.gnu-tools-for-stm32.9-2020-q2-update.win32_2.0.0.202105311346/tools/bin/../lib/gcc/arm-none-eabi/9.3.1/thumb/v7e-m+fp/hard/crtbegin.o
 *(.init)
 .init          0x0000000008001910        0x4 c:/st/stm32cubeide_1.7.0/stm32cubeide/plugins/com.st.stm32cube.ide.mcu.externaltools.gnu-tools-for-stm32.9-2020-q2-update.win32_2.0.0.202105311346/tools/bin/../lib/gcc/arm-none-eabi/9.3.1/thumb/v7e-m+fp/hard/crti.o
                0x0000000008001910                _init
 .init          0x0000000008001914        0x8 c:/st/stm32cubeide_1.7.0/stm32cubeide/plugins/com.st.stm32cube.ide.mcu.externaltools.gnu-tools-for-stm32.9-2020-q2-update.win32_2.0.0.202105311346/tools/bin/../lib/gcc/arm-none-eabi/9.3.1/thumb/v7e-m+fp/hard/crtn.o
 *(.fini)
 .fini          0x000000000800191c        0x4 c:/st/stm32cubeide_1.7.0/stm32cubeide/plugins/com.st.stm32cube.ide.mcu.externaltools.gnu-tools-for-stm32.9-2020-q2-update.win32_2.0.0.202105311346/tools/bin/../lib/gcc/arm-none-eabi/9.3.1/thumb/v7e-m+fp/hard/crti.o
                0x000000000800191c                _fini
 .fini          0x0000000008001920        0x8 c:/st/stm32cubeide_1.7.0/stm32cubeide/plugins/com.st.stm32cube.ide.mcu.externaltools.gnu-tools-for-stm32.9-2020-q2-update.win32_2.0.0.202105311346/tools/bin/../lib/gcc/arm-none-eabi/9.3.1/thumb/v7e-m+fp/hard/crtn.o
                0x0000000008001928                . = ALIGN (0x4)
                0x0000000008001928                _etext = .

.vfp11_veneer   0x0000000008001928        0x0
 .vfp11_veneer  0x0000000008001928        0x0 linker stubs

.v4_bx          0x0000000008001928        0x0
 .v4_bx         0x0000000008001928        0x0 linker stubs

.iplt           0x0000000008001928        0x0
 .iplt          0x0000000008001928        0x0 c:/st/stm32cubeide_1.7.0/stm32cubeide/plugins/com.st.stm32cube.ide.mcu.externaltools.gnu-tools-for-stm32.9-2020-q2-update.win32_2.0.0.202105311346/tools/bin/../lib/gcc/arm-none-eabi/9.3.1/thumb/v7e-m+fp/hard/crtbegin.o

.rodata         0x0000000008001928    0x3fc18
                0x0000000008001928                . = ALIGN (0x4)
 *(.rodata)
 .rodata        0x0000000008001928       0x18 ./Drivers/CMSIS/system_stm32f7xx.o
                0x0000000008001928                AHBPrescTable
                0x0000000008001938                APBPrescTable
 .rodata        0x0000000008001940    0x3fc00 ./Example/User/main.o
                0x0000000008001940                RGB565_480x272
 *(.rodata*)
                0x0000000008041540                . = ALIGN (0x4)

.ARM.extab
 *(.ARM.extab* .gnu.linkonce.armextab.*)

.ARM            0x0000000008041540        0x8
                0x0000000008041540                __exidx_start = .
 *(.ARM.exidx*)
 .ARM.exidx     0x0000000008041540        0x8 c:/st/stm32cubeide_1.7.0/stm32cubeide/plugins/com.st.stm32cube.ide.mcu.externaltools.gnu-tools-for-stm32.9-2020-q2-update.win32_2.0.0.202105311346/tools/bin/../lib/gcc/arm-none-eabi/9.3.1/thumb/v7e-m+fp/hard\libgcc.a(_udivmoddi4.o)
                0x0000000008041548                __exidx_end = .

.rel.dyn        0x0000000008041548        0x0
 .rel.iplt      0x0000000008041548        0x0 c:/st/stm32cubeide_1.7.0/stm32cubeide/plugins/com.st.stm32cube.ide.mcu.externaltools.gnu-tools-for-stm32.9-2020-q2-update.win32_2.0.0.202105311346/tools/bin/../lib/gcc/arm-none-eabi/9.3.1/thumb/v7e-m+fp/hard/crtbegin.o

.preinit_array  0x0000000008041548        0x0
                0x0000000008041548                PROVIDE (__preinit_array_start = .)
 *(.preinit_array*)
                0x0000000008041548                PROVIDE (__preinit_array_end = .)

.init_array     0x0000000008041548        0x4
                0x0000000008041548                PROVIDE (__init_array_start = .)
 *(SORT_BY_NAME(.init_array.*))
 *(.init_array*)
 .init_array    0x0000000008041548        0x4 c:/st/stm32cubeide_1.7.0/stm32cubeide/plugins/com.st.stm32cube.ide.mcu.externaltools.gnu-tools-for-stm32.9-2020-q2-update.win32_2.0.0.202105311346/tools/bin/../lib/gcc/arm-none-eabi/9.3.1/thumb/v7e-m+fp/hard/crtbegin.o
                0x000000000804154c                PROVIDE (__init_array_end = .)

.fini_array     0x000000000804154c        0x4
                [!provide]                        PROVIDE (__fini_array_start = .)
 *(SORT_BY_NAME(.fini_array.*))
 *(.fini_array*)
 .fini_array    0x000000000804154c        0x4 c:/st/stm32cubeide_1.7.0/stm32cubeide/plugins/com.st.stm32cube.ide.mcu.externaltools.gnu-tools-for-stm32.9-2020-q2-update.win32_2.0.0.202105311346/tools/bin/../lib/gcc/arm-none-eabi/9.3.1/thumb/v7e-m+fp/hard/crtbegin.o
                [!provide]                        PROVIDE (__fini_array_end = .)
                0x0000000008041550                _sidata = LOADADDR (.data)

.data           0x0000000020000000        0xc load address 0x0000000008041550
                0x0000000020000000                . = ALIGN (0x4)
                0x0000000020000000                _sdata = .
 *(.data)
 .data          0x0000000020000000        0x4 ./Drivers/CMSIS/system_stm32f7xx.o
                0x0000000020000000                SystemCoreClock
 .data          0x0000000020000004        0x8 ./Drivers/STM32F7xx_HAL_Driver/stm32f7xx_hal.o
                0x0000000020000004                uwTickFreq
                0x0000000020000008                uwTickPrio
 *(.data*)
                0x000000002000000c                . = ALIGN (0x4)
                0x000000002000000c                _edata = .

.igot.plt       0x000000002000000c        0x0 load address 0x000000000804155c
 .igot.plt      0x000000002000000c        0x0 c:/st/stm32cubeide_1.7.0/stm32cubeide/plugins/com.st.stm32cube.ide.mcu.externaltools.gnu-tools-for-stm32.9-2020-q2-update.win32_2.0.0.202105311346/tools/bin/../lib/gcc/arm-none-eabi/9.3.1/thumb/v7e-m+fp/hard/crtbegin.o
                0x000000002000000c                . = ALIGN (0x4)

.bss            0x000000002000000c       0xc8 load address 0x000000000804155c
                0x000000002000000c                _sbss = .
                0x000000002000000c                __bss_start__ = _sbss
 *(.bss)
 .bss           0x000000002000000c       0x1c c:/st/stm32cubeide_1.7.0/stm32cubeide/plugins/com.st.stm32cube.ide.mcu.externaltools.gnu-tools-for-stm32.9-2020-q2-update.win32_2.0.0.202105311346/tools/bin/../lib/gcc/arm-none-eabi/9.3.1/thumb/v7e-m+fp/hard/crtbegin.o
 .bss           0x0000000020000028       0xa8 ./Example/User/main.o
 *(.bss*)
 *(COMMON)
 COMMON         0x00000000200000d0        0x4 ./Drivers/STM32F7xx_HAL_Driver/stm32f7xx_hal.o
                0x00000000200000d0                uwTick
                0x00000000200000d4                . = ALIGN (0x4)
                0x00000000200000d4                _ebss = .
                0x00000000200000d4                __bss_end__ = _ebss

._user_heap_stack
                0x00000000200000d4      0x604 load address 0x000000000804155c
                0x00000000200000d8                . = ALIGN (0x8)
 *fill*         0x00000000200000d4        0x4 
                [!provide]                        PROVIDE (end = .)
                [!provide]                        PROVIDE (_end = .)
                0x00000000200002d8                . = (. + _Min_Heap_Size)
 *fill*         0x00000000200000d8      0x200 
                0x00000000200006d8                . = (. + _Min_Stack_Size)
 *fill*         0x00000000200002d8      0x400 
                0x00000000200006d8                . = ALIGN (0x8)

/DISCARD/
 libc.a(*)
 libm.a(*)
 libgcc.a(*)

.ARM.attributes
                0x0000000000000000       0x30
 *(.ARM.attributes)
 .ARM.attributes
                0x0000000000000000       0x1e c:/st/stm32cubeide_1.7.0/stm32cubeide/plugins/com.st.stm32cube.ide.mcu.externaltools.gnu-tools-for-stm32.9-2020-q2-update.win32_2.0.0.202105311346/tools/bin/../lib/gcc/arm-none-eabi/9.3.1/thumb/v7e-m+fp/hard/crti.o
 .ARM.attributes
                0x000000000000001e       0x34 c:/st/stm32cubeide_1.7.0/stm32cubeide/plugins/com.st.stm32cube.ide.mcu.externaltools.gnu-tools-for-stm32.9-2020-q2-update.win32_2.0.0.202105311346/tools/bin/../lib/gcc/arm-none-eabi/9.3.1/thumb/v7e-m+fp/hard/crtbegin.o
 .ARM.attributes
                0x0000000000000052       0x34 ./Drivers/BSP/STM32746G-Discovery/stm32746g_discovery.o
 .ARM.attributes
                0x0000000000000086       0x34 ./Drivers/CMSIS/system_stm32f7xx.o
 .ARM.attributes
                0x00000000000000ba       0x34 ./Drivers/STM32F7xx_HAL_Driver/stm32f7xx_hal.o
 .ARM.attributes
                0x00000000000000ee       0x34 ./Drivers/STM32F7xx_HAL_Driver/stm32f7xx_hal_cortex.o
 .ARM.attributes
                0x0000000000000122       0x34 ./Drivers/STM32F7xx_HAL_Driver/stm32f7xx_hal_gpio.o
 .ARM.attributes
                0x0000000000000156       0x34 ./Drivers/STM32F7xx_HAL_Driver/stm32f7xx_hal_ltdc.o
 .ARM.attributes
                0x000000000000018a       0x34 ./Drivers/STM32F7xx_HAL_Driver/stm32f7xx_hal_pwr_ex.o
 .ARM.attributes
                0x00000000000001be       0x34 ./Drivers/STM32F7xx_HAL_Driver/stm32f7xx_hal_rcc.o
 .ARM.attributes
                0x00000000000001f2       0x34 ./Drivers/STM32F7xx_HAL_Driver/stm32f7xx_hal_rcc_ex.o
 .ARM.attributes
                0x0000000000000226       0x21 ./Example/SW4STM32/startup_stm32f746xx.o
 .ARM.attributes
                0x0000000000000247       0x34 ./Example/User/main.o
 .ARM.attributes
                0x000000000000027b       0x34 ./Example/User/stm32f7xx_hal_msp.o
 .ARM.attributes
                0x00000000000002af       0x34 ./Example/User/stm32f7xx_it.o
 .ARM.attributes
                0x00000000000002e3       0x34 c:/st/stm32cubeide_1.7.0/stm32cubeide/plugins/com.st.stm32cube.ide.mcu.externaltools.gnu-tools-for-stm32.9-2020-q2-update.win32_2.0.0.202105311346/tools/bin/../lib/gcc/arm-none-eabi/9.3.1/../../../../arm-none-eabi/lib/thumb/v7e-m+fp/hard\libc_nano.a(lib_a-init.o)
 .ARM.attributes
                0x0000000000000317       0x1e c:/st/stm32cubeide_1.7.0/stm32cubeide/plugins/com.st.stm32cube.ide.mcu.externaltools.gnu-tools-for-stm32.9-2020-q2-update.win32_2.0.0.202105311346/tools/bin/../lib/gcc/arm-none-eabi/9.3.1/thumb/v7e-m+fp/hard\libgcc.a(_aeabi_uldivmod.o)
 .ARM.attributes
                0x0000000000000335       0x34 c:/st/stm32cubeide_1.7.0/stm32cubeide/plugins/com.st.stm32cube.ide.mcu.externaltools.gnu-tools-for-stm32.9-2020-q2-update.win32_2.0.0.202105311346/tools/bin/../lib/gcc/arm-none-eabi/9.3.1/thumb/v7e-m+fp/hard\libgcc.a(_udivmoddi4.o)
 .ARM.attributes
                0x0000000000000369       0x1e c:/st/stm32cubeide_1.7.0/stm32cubeide/plugins/com.st.stm32cube.ide.mcu.externaltools.gnu-tools-for-stm32.9-2020-q2-update.win32_2.0.0.202105311346/tools/bin/../lib/gcc/arm-none-eabi/9.3.1/thumb/v7e-m+fp/hard\libgcc.a(_dvmd_tls.o)
 .ARM.attributes
                0x0000000000000387       0x1e c:/st/stm32cubeide_1.7.0/stm32cubeide/plugins/com.st.stm32cube.ide.mcu.externaltools.gnu-tools-for-stm32.9-2020-q2-update.win32_2.0.0.202105311346/tools/bin/../lib/gcc/arm-none-eabi/9.3.1/thumb/v7e-m+fp/hard/crtn.o
OUTPUT(STM32746G_DISCOVERY.elf elf32-littlearm)
LOAD linker stubs
LOAD c:/st/stm32cubeide_1.7.0/stm32cubeide/plugins/com.st.stm32cube.ide.mcu.externaltools.gnu-tools-for-stm32.9-2020-q2-update.win32_2.0.0.202105311346/tools/bin/../lib/gcc/arm-none-eabi/9.3.1/../../../../arm-none-eabi/lib/thumb/v7e-m+fp/hard\libc.a
LOAD c:/st/stm32cubeide_1.7.0/stm32cubeide/plugins/com.st.stm32cube.ide.mcu.externaltools.gnu-tools-for-stm32.9-2020-q2-update.win32_2.0.0.202105311346/tools/bin/../lib/gcc/arm-none-eabi/9.3.1/../../../../arm-none-eabi/lib/thumb/v7e-m+fp/hard\libm.a
LOAD c:/st/stm32cubeide_1.7.0/stm32cubeide/plugins/com.st.stm32cube.ide.mcu.externaltools.gnu-tools-for-stm32.9-2020-q2-update.win32_2.0.0.202105311346/tools/bin/../lib/gcc/arm-none-eabi/9.3.1/thumb/v7e-m+fp/hard\libgcc.a

.debug_info     0x0000000000000000     0xa8b2
 .debug_info    0x0000000000000000     0x2330 ./Drivers/BSP/STM32746G-Discovery/stm32746g_discovery.o
 .debug_info    0x0000000000002330      0x7c6 ./Drivers/CMSIS/system_stm32f7xx.o
 .debug_info    0x0000000000002af6      0xbbf ./Drivers/STM32F7xx_HAL_Driver/stm32f7xx_hal.o
 .debug_info    0x00000000000036b5     0x138d ./Drivers/STM32F7xx_HAL_Driver/stm32f7xx_hal_cortex.o
 .debug_info    0x0000000000004a42      0x8ae ./Drivers/STM32F7xx_HAL_Driver/stm32f7xx_hal_gpio.o
 .debug_info    0x00000000000052f0     0x15f2 ./Drivers/STM32F7xx_HAL_Driver/stm32f7xx_hal_ltdc.o
 .debug_info    0x00000000000068e2      0xae8 ./Drivers/STM32F7xx_HAL_Driver/stm32f7xx_hal_pwr_ex.o
 .debug_info    0x00000000000073ca      0xc81 ./Drivers/STM32F7xx_HAL_Driver/stm32f7xx_hal_rcc.o
 .debug_info    0x000000000000804b      0x96d ./Drivers/STM32F7xx_HAL_Driver/stm32f7xx_hal_rcc_ex.o
 .debug_info    0x00000000000089b8       0x22 ./Example/SW4STM32/startup_stm32f746xx.o
 .debug_info    0x00000000000089da     0x110c ./Example/User/main.o
 .debug_info    0x0000000000009ae6      0xb0d ./Example/User/stm32f7xx_hal_msp.o
 .debug_info    0x000000000000a5f3      0x2bf ./Example/User/stm32f7xx_it.o

.debug_abbrev   0x0000000000000000     0x1d63
 .debug_abbrev  0x0000000000000000      0x449 ./Drivers/BSP/STM32746G-Discovery/stm32746g_discovery.o
 .debug_abbrev  0x0000000000000449      0x16b ./Drivers/CMSIS/system_stm32f7xx.o
 .debug_abbrev  0x00000000000005b4      0x27e ./Drivers/STM32F7xx_HAL_Driver/stm32f7xx_hal.o
 .debug_abbrev  0x0000000000000832      0x398 ./Drivers/STM32F7xx_HAL_Driver/stm32f7xx_hal_cortex.o
 .debug_abbrev  0x0000000000000bca      0x21d ./Drivers/STM32F7xx_HAL_Driver/stm32f7xx_hal_gpio.o
 .debug_abbrev  0x0000000000000de7      0x29b ./Drivers/STM32F7xx_HAL_Driver/stm32f7xx_hal_ltdc.o
 .debug_abbrev  0x0000000000001082      0x1ed ./Drivers/STM32F7xx_HAL_Driver/stm32f7xx_hal_pwr_ex.o
 .debug_abbrev  0x000000000000126f      0x2da ./Drivers/STM32F7xx_HAL_Driver/stm32f7xx_hal_rcc.o
 .debug_abbrev  0x0000000000001549      0x201 ./Drivers/STM32F7xx_HAL_Driver/stm32f7xx_hal_rcc_ex.o
 .debug_abbrev  0x000000000000174a       0x12 ./Example/SW4STM32/startup_stm32f746xx.o
 .debug_abbrev  0x000000000000175c      0x2ed ./Example/User/main.o
 .debug_abbrev  0x0000000000001a49      0x1c6 ./Example/User/stm32f7xx_hal_msp.o
 .debug_abbrev  0x0000000000001c0f      0x154 ./Example/User/stm32f7xx_it.o

.debug_loc      0x0000000000000000     0x3aac
 .debug_loc     0x0000000000000000      0x9e7 ./Drivers/BSP/STM32746G-Discovery/stm32746g_discovery.o
 .debug_loc     0x00000000000009e7      0x12f ./Drivers/CMSIS/system_stm32f7xx.o
 .debug_loc     0x0000000000000b16      0x139 ./Drivers/STM32F7xx_HAL_Driver/stm32f7xx_hal.o
 .debug_loc     0x0000000000000c4f      0x661 ./Drivers/STM32F7xx_HAL_Driver/stm32f7xx_hal_cortex.o
 .debug_loc     0x00000000000012b0      0x40c ./Drivers/STM32F7xx_HAL_Driver/stm32f7xx_hal_gpio.o
 .debug_loc     0x00000000000016bc     0x13bd ./Drivers/STM32F7xx_HAL_Driver/stm32f7xx_hal_ltdc.o
 .debug_loc     0x0000000000002a79      0x2e0 ./Drivers/STM32F7xx_HAL_Driver/stm32f7xx_hal_pwr_ex.o
 .debug_loc     0x0000000000002d59      0x573 ./Drivers/STM32F7xx_HAL_Driver/stm32f7xx_hal_rcc.o
 .debug_loc     0x00000000000032cc      0x728 ./Drivers/STM32F7xx_HAL_Driver/stm32f7xx_hal_rcc_ex.o
 .debug_loc     0x00000000000039f4       0x93 ./Example/User/main.o
 .debug_loc     0x0000000000003a87       0x25 ./Example/User/stm32f7xx_hal_msp.o

.debug_aranges  0x0000000000000000      0x658
 .debug_aranges
                0x0000000000000000       0xf0 ./Drivers/BSP/STM32746G-Discovery/stm32746g_discovery.o
 .debug_aranges
                0x00000000000000f0       0x28 ./Drivers/CMSIS/system_stm32f7xx.o
 .debug_aranges
                0x0000000000000118       0xf8 ./Drivers/STM32F7xx_HAL_Driver/stm32f7xx_hal.o
 .debug_aranges
                0x0000000000000210       0xa8 ./Drivers/STM32F7xx_HAL_Driver/stm32f7xx_hal_cortex.o
 .debug_aranges
                0x00000000000002b8       0x58 ./Drivers/STM32F7xx_HAL_Driver/stm32f7xx_hal_gpio.o
 .debug_aranges
                0x0000000000000310      0x138 ./Drivers/STM32F7xx_HAL_Driver/stm32f7xx_hal_ltdc.o
 .debug_aranges
                0x0000000000000448       0x80 ./Drivers/STM32F7xx_HAL_Driver/stm32f7xx_hal_pwr_ex.o
 .debug_aranges
                0x00000000000004c8       0x88 ./Drivers/STM32F7xx_HAL_Driver/stm32f7xx_hal_rcc.o
 .debug_aranges
                0x0000000000000550       0x50 ./Drivers/STM32F7xx_HAL_Driver/stm32f7xx_hal_rcc_ex.o
 .debug_aranges
                0x00000000000005a0       0x28 ./Example/SW4STM32/startup_stm32f746xx.o
 .debug_aranges
                0x00000000000005c8       0x20 ./Example/User/main.o
 .debug_aranges
                0x00000000000005e8       0x28 ./Example/User/stm32f7xx_hal_msp.o
 .debug_aranges
                0x0000000000000610       0x48 ./Example/User/stm32f7xx_it.o

.debug_ranges   0x0000000000000000      0x920
 .debug_ranges  0x0000000000000000      0x1d8 ./Drivers/BSP/STM32746G-Discovery/stm32746g_discovery.o
 .debug_ranges  0x00000000000001d8       0x18 ./Drivers/CMSIS/system_stm32f7xx.o
 .debug_ranges  0x00000000000001f0       0xe8 ./Drivers/STM32F7xx_HAL_Driver/stm32f7xx_hal.o
 .debug_ranges  0x00000000000002d8      0x158 ./Drivers/STM32F7xx_HAL_Driver/stm32f7xx_hal_cortex.o
 .debug_ranges  0x0000000000000430       0x70 ./Drivers/STM32F7xx_HAL_Driver/stm32f7xx_hal_gpio.o
 .debug_ranges  0x00000000000004a0      0x128 ./Drivers/STM32F7xx_HAL_Driver/stm32f7xx_hal_ltdc.o
 .debug_ranges  0x00000000000005c8      0x108 ./Drivers/STM32F7xx_HAL_Driver/stm32f7xx_hal_pwr_ex.o
 .debug_ranges  0x00000000000006d0       0xd0 ./Drivers/STM32F7xx_HAL_Driver/stm32f7xx_hal_rcc.o
 .debug_ranges  0x00000000000007a0       0x58 ./Drivers/STM32F7xx_HAL_Driver/stm32f7xx_hal_rcc_ex.o
 .debug_ranges  0x00000000000007f8       0x20 ./Example/SW4STM32/startup_stm32f746xx.o
 .debug_ranges  0x0000000000000818       0x80 ./Example/User/main.o
 .debug_ranges  0x0000000000000898       0x50 ./Example/User/stm32f7xx_hal_msp.o
 .debug_ranges  0x00000000000008e8       0x38 ./Example/User/stm32f7xx_it.o

.debug_macro    0x0000000000000000    0x258fc
 .debug_macro   0x0000000000000000      0x22f ./Drivers/BSP/STM32746G-Discovery/stm32746g_discovery.o
 .debug_macro   0x000000000000022f      0xaae ./Drivers/BSP/STM32746G-Discovery/stm32746g_discovery.o
 .debug_macro   0x0000000000000cdd      0x29e ./Drivers/BSP/STM32746G-Discovery/stm32746g_discovery.o
 .debug_macro   0x0000000000000f7b       0x2e ./Drivers/BSP/STM32746G-Discovery/stm32746g_discovery.o
 .debug_macro   0x0000000000000fa9       0x3b ./Drivers/BSP/STM32746G-Discovery/stm32746g_discovery.o
 .debug_macro   0x0000000000000fe4       0x22 ./Drivers/BSP/STM32746G-Discovery/stm32746g_discovery.o
 .debug_macro   0x0000000000001006       0x8e ./Drivers/BSP/STM32746G-Discovery/stm32746g_discovery.o
 .debug_macro   0x0000000000001094       0x51 ./Drivers/BSP/STM32746G-Discovery/stm32746g_discovery.o
 .debug_macro   0x00000000000010e5      0x103 ./Drivers/BSP/STM32746G-Discovery/stm32746g_discovery.o
 .debug_macro   0x00000000000011e8       0x6a ./Drivers/BSP/STM32746G-Discovery/stm32746g_discovery.o
 .debug_macro   0x0000000000001252      0x1df ./Drivers/BSP/STM32746G-Discovery/stm32746g_discovery.o
 .debug_macro   0x0000000000001431       0x1c ./Drivers/BSP/STM32746G-Discovery/stm32746g_discovery.o
 .debug_macro   0x000000000000144d       0x22 ./Drivers/BSP/STM32746G-Discovery/stm32746g_discovery.o
 .debug_macro   0x000000000000146f       0xdf ./Drivers/BSP/STM32746G-Discovery/stm32746g_discovery.o
 .debug_macro   0x000000000000154e     0x12cd ./Drivers/BSP/STM32746G-Discovery/stm32746g_discovery.o
 .debug_macro   0x000000000000281b      0x11f ./Drivers/BSP/STM32746G-Discovery/stm32746g_discovery.o
 .debug_macro   0x000000000000293a       0x19 ./Drivers/BSP/STM32746G-Discovery/stm32746g_discovery.o
 .debug_macro   0x0000000000002953    0x19826 ./Drivers/BSP/STM32746G-Discovery/stm32746g_discovery.o
 .debug_macro   0x000000000001c179       0x43 ./Drivers/BSP/STM32746G-Discovery/stm32746g_discovery.o
 .debug_macro   0x000000000001c1bc     0x36c9 ./Drivers/BSP/STM32746G-Discovery/stm32746g_discovery.o
 .debug_macro   0x000000000001f885      0x174 ./Drivers/BSP/STM32746G-Discovery/stm32746g_discovery.o
 .debug_macro   0x000000000001f9f9       0x63 ./Drivers/BSP/STM32746G-Discovery/stm32746g_discovery.o
 .debug_macro   0x000000000001fa5c     0x1939 ./Drivers/BSP/STM32746G-Discovery/stm32746g_discovery.o
 .debug_macro   0x0000000000021395      0x6c4 ./Drivers/BSP/STM32746G-Discovery/stm32746g_discovery.o
 .debug_macro   0x0000000000021a59      0x117 ./Drivers/BSP/STM32746G-Discovery/stm32746g_discovery.o
 .debug_macro   0x0000000000021b70      0x1fe ./Drivers/BSP/STM32746G-Discovery/stm32746g_discovery.o
 .debug_macro   0x0000000000021d6e       0x27 ./Drivers/BSP/STM32746G-Discovery/stm32746g_discovery.o
 .debug_macro   0x0000000000021d95      0x24f ./Drivers/BSP/STM32746G-Discovery/stm32746g_discovery.o
 .debug_macro   0x0000000000021fe4       0x41 ./Drivers/BSP/STM32746G-Discovery/stm32746g_discovery.o
 .debug_macro   0x0000000000022025       0x58 ./Drivers/BSP/STM32746G-Discovery/stm32746g_discovery.o
 .debug_macro   0x000000000002207d      0x236 ./Drivers/BSP/STM32746G-Discovery/stm32746g_discovery.o
 .debug_macro   0x00000000000222b3      0x14f ./Drivers/BSP/STM32746G-Discovery/stm32746g_discovery.o
 .debug_macro   0x0000000000022402      0x25b ./Drivers/BSP/STM32746G-Discovery/stm32746g_discovery.o
 .debug_macro   0x000000000002265d       0x12 ./Drivers/BSP/STM32746G-Discovery/stm32746g_discovery.o
 .debug_macro   0x000000000002266f      0x514 ./Drivers/BSP/STM32746G-Discovery/stm32746g_discovery.o
 .debug_macro   0x0000000000022b83       0x11 ./Drivers/BSP/STM32746G-Discovery/stm32746g_discovery.o
 .debug_macro   0x0000000000022b94      0x22c ./Drivers/BSP/STM32746G-Discovery/stm32746g_discovery.o
 .debug_macro   0x0000000000022dc0       0x61 ./Drivers/BSP/STM32746G-Discovery/stm32746g_discovery.o
 .debug_macro   0x0000000000022e21       0xa5 ./Drivers/BSP/STM32746G-Discovery/stm32746g_discovery.o
 .debug_macro   0x0000000000022ec6      0x198 ./Drivers/BSP/STM32746G-Discovery/stm32746g_discovery.o
 .debug_macro   0x000000000002305e       0xd6 ./Drivers/BSP/STM32746G-Discovery/stm32746g_discovery.o
 .debug_macro   0x0000000000023134      0x12f ./Drivers/BSP/STM32746G-Discovery/stm32746g_discovery.o
 .debug_macro   0x0000000000023263      0x108 ./Drivers/BSP/STM32746G-Discovery/stm32746g_discovery.o
 .debug_macro   0x000000000002336b       0x35 ./Drivers/BSP/STM32746G-Discovery/stm32746g_discovery.o
 .debug_macro   0x00000000000233a0      0x558 ./Drivers/BSP/STM32746G-Discovery/stm32746g_discovery.o
 .debug_macro   0x00000000000238f8       0x44 ./Drivers/BSP/STM32746G-Discovery/stm32746g_discovery.o
 .debug_macro   0x000000000002393c      0x14e ./Drivers/BSP/STM32746G-Discovery/stm32746g_discovery.o
 .debug_macro   0x0000000000023a8a      0x262 ./Drivers/BSP/STM32746G-Discovery/stm32746g_discovery.o
 .debug_macro   0x0000000000023cec      0x208 ./Drivers/CMSIS/system_stm32f7xx.o
 .debug_macro   0x0000000000023ef4      0x226 ./Drivers/STM32F7xx_HAL_Driver/stm32f7xx_hal.o
 .debug_macro   0x000000000002411a      0x202 ./Drivers/STM32F7xx_HAL_Driver/stm32f7xx_hal_cortex.o
 .debug_macro   0x000000000002431c      0x238 ./Drivers/STM32F7xx_HAL_Driver/stm32f7xx_hal_gpio.o
 .debug_macro   0x0000000000024554      0x203 ./Drivers/STM32F7xx_HAL_Driver/stm32f7xx_hal_ltdc.o
 .debug_macro   0x0000000000024757      0x21a ./Drivers/STM32F7xx_HAL_Driver/stm32f7xx_hal_pwr_ex.o
 .debug_macro   0x0000000000024971      0x226 ./Drivers/STM32F7xx_HAL_Driver/stm32f7xx_hal_rcc.o
 .debug_macro   0x0000000000024b97      0x202 ./Drivers/STM32F7xx_HAL_Driver/stm32f7xx_hal_rcc_ex.o
 .debug_macro   0x0000000000024d99      0x24d ./Example/User/main.o
 .debug_macro   0x0000000000024fe6      0x268 ./Example/User/main.o
 .debug_macro   0x000000000002524e       0x40 ./Example/User/main.o
 .debug_macro   0x000000000002528e       0xa0 ./Example/User/main.o
 .debug_macro   0x000000000002532e       0x10 ./Example/User/main.o
 .debug_macro   0x000000000002533e      0x12a ./Example/User/main.o
 .debug_macro   0x0000000000025468      0x243 ./Example/User/stm32f7xx_hal_msp.o
 .debug_macro   0x00000000000256ab      0x251 ./Example/User/stm32f7xx_it.o

.debug_line     0x0000000000000000     0xa9f1
 .debug_line    0x0000000000000000      0xf13 ./Drivers/BSP/STM32746G-Discovery/stm32746g_discovery.o
 .debug_line    0x0000000000000f13      0x85a ./Drivers/CMSIS/system_stm32f7xx.o
 .debug_line    0x000000000000176d      0xb21 ./Drivers/STM32F7xx_HAL_Driver/stm32f7xx_hal.o
 .debug_line    0x000000000000228e      0xd7a ./Drivers/STM32F7xx_HAL_Driver/stm32f7xx_hal_cortex.o
 .debug_line    0x0000000000003008      0xcf2 ./Drivers/STM32F7xx_HAL_Driver/stm32f7xx_hal_gpio.o
 .debug_line    0x0000000000003cfa     0x1fb7 ./Drivers/STM32F7xx_HAL_Driver/stm32f7xx_hal_ltdc.o
 .debug_line    0x0000000000005cb1      0xb76 ./Drivers/STM32F7xx_HAL_Driver/stm32f7xx_hal_pwr_ex.o
 .debug_line    0x0000000000006827     0x126f ./Drivers/STM32F7xx_HAL_Driver/stm32f7xx_hal_rcc.o
 .debug_line    0x0000000000007a96     0x102b ./Drivers/STM32F7xx_HAL_Driver/stm32f7xx_hal_rcc_ex.o
 .debug_line    0x0000000000008ac1       0xba ./Example/SW4STM32/startup_stm32f746xx.o
 .debug_line    0x0000000000008b7b      0xbb5 ./Example/User/main.o
 .debug_line    0x0000000000009730      0x984 ./Example/User/stm32f7xx_hal_msp.o
 .debug_line    0x000000000000a0b4      0x93d ./Example/User/stm32f7xx_it.o

.debug_str      0x0000000000000000    0xea0fe
 .debug_str     0x0000000000000000    0xe7514 ./Drivers/BSP/STM32746G-Discovery/stm32746g_discovery.o
                                      0xe7d0d (size before relaxing)
 .debug_str     0x00000000000e7514      0x1c3 ./Drivers/CMSIS/system_stm32f7xx.o
                                      0xe591d (size before relaxing)
 .debug_str     0x00000000000e76d7      0x40a ./Drivers/STM32F7xx_HAL_Driver/stm32f7xx_hal.o
                                      0xe6250 (size before relaxing)
 .debug_str     0x00000000000e7ae1      0x354 ./Drivers/STM32F7xx_HAL_Driver/stm32f7xx_hal_cortex.o
                                      0xe628a (size before relaxing)
 .debug_str     0x00000000000e7e35      0x230 ./Drivers/STM32F7xx_HAL_Driver/stm32f7xx_hal_gpio.o
                                      0xe5af8 (size before relaxing)
 .debug_str     0x00000000000e8065      0x732 ./Drivers/STM32F7xx_HAL_Driver/stm32f7xx_hal_ltdc.o
                                      0xe5e90 (size before relaxing)
 .debug_str     0x00000000000e8797      0x222 ./Drivers/STM32F7xx_HAL_Driver/stm32f7xx_hal_pwr_ex.o
                                      0xe5ba8 (size before relaxing)
 .debug_str     0x00000000000e89b9      0x3a9 ./Drivers/STM32F7xx_HAL_Driver/stm32f7xx_hal_rcc.o
                                      0xe5c64 (size before relaxing)
 .debug_str     0x00000000000e8d62      0x3cd ./Drivers/STM32F7xx_HAL_Driver/stm32f7xx_hal_rcc_ex.o
                                      0xe5bd3 (size before relaxing)
 .debug_str     0x00000000000e912f       0x6b ./Example/SW4STM32/startup_stm32f746xx.o
                                         0xcc (size before relaxing)
 .debug_str     0x00000000000e919a      0xe07 ./Example/User/main.o
                                      0xe7e6b (size before relaxing)
 .debug_str     0x00000000000e9fa1       0x6a ./Example/User/stm32f7xx_hal_msp.o
                                      0xe79eb (size before relaxing)
 .debug_str     0x00000000000ea00b       0xf3 ./Example/User/stm32f7xx_it.o
                                      0xe7601 (size before relaxing)

.comment        0x0000000000000000       0x53
 .comment       0x0000000000000000       0x53 ./Drivers/BSP/STM32746G-Discovery/stm32746g_discovery.o
                                         0x54 (size before relaxing)
 .comment       0x0000000000000053       0x54 ./Drivers/CMSIS/system_stm32f7xx.o
 .comment       0x0000000000000053       0x54 ./Drivers/STM32F7xx_HAL_Driver/stm32f7xx_hal.o
 .comment       0x0000000000000053       0x54 ./Drivers/STM32F7xx_HAL_Driver/stm32f7xx_hal_cortex.o
 .comment       0x0000000000000053       0x54 ./Drivers/STM32F7xx_HAL_Driver/stm32f7xx_hal_gpio.o
 .comment       0x0000000000000053       0x54 ./Drivers/STM32F7xx_HAL_Driver/stm32f7xx_hal_ltdc.o
 .comment       0x0000000000000053       0x54 ./Drivers/STM32F7xx_HAL_Driver/stm32f7xx_hal_pwr_ex.o
 .comment       0x0000000000000053       0x54 ./Drivers/STM32F7xx_HAL_Driver/stm32f7xx_hal_rcc.o
 .comment       0x0000000000000053       0x54 ./Drivers/STM32F7xx_HAL_Driver/stm32f7xx_hal_rcc_ex.o
 .comment       0x0000000000000053       0x54 ./Example/User/main.o
 .comment       0x0000000000000053       0x54 ./Example/User/stm32f7xx_hal_msp.o
 .comment       0x0000000000000053       0x54 ./Example/User/stm32f7xx_it.o

.debug_frame    0x0000000000000000     0x1000
 .debug_frame   0x0000000000000000      0x2e0 ./Drivers/BSP/STM32746G-Discovery/stm32746g_discovery.o
 .debug_frame   0x00000000000002e0       0x38 ./Drivers/CMSIS/system_stm32f7xx.o
 .debug_frame   0x0000000000000318      0x214 ./Drivers/STM32F7xx_HAL_Driver/stm32f7xx_hal.o
 .debug_frame   0x000000000000052c      0x158 ./Drivers/STM32F7xx_HAL_Driver/stm32f7xx_hal_cortex.o
 .debug_frame   0x0000000000000684       0xd4 ./Drivers/STM32F7xx_HAL_Driver/stm32f7xx_hal_gpio.o
 .debug_frame   0x0000000000000758      0x3b4 ./Drivers/STM32F7xx_HAL_Driver/stm32f7xx_hal_ltdc.o
 .debug_frame   0x0000000000000b0c      0x140 ./Drivers/STM32F7xx_HAL_Driver/stm32f7xx_hal_pwr_ex.o
 .debug_frame   0x0000000000000c4c      0x148 ./Drivers/STM32F7xx_HAL_Driver/stm32f7xx_hal_rcc.o
 .debug_frame   0x0000000000000d94       0xcc ./Drivers/STM32F7xx_HAL_Driver/stm32f7xx_hal_rcc_ex.o
 .debug_frame   0x0000000000000e60       0x2c ./Example/User/main.o
 .debug_frame   0x0000000000000e8c       0x48 ./Example/User/stm32f7xx_hal_msp.o
 .debug_frame   0x0000000000000ed4       0xa0 ./Example/User/stm32f7xx_it.o
 .debug_frame   0x0000000000000f74       0x2c c:/st/stm32cubeide_1.7.0/stm32cubeide/plugins/com.st.stm32cube.ide.mcu.externaltools.gnu-tools-for-stm32.9-2020-q2-update.win32_2.0.0.202105311346/tools/bin/../lib/gcc/arm-none-eabi/9.3.1/../../../../arm-none-eabi/lib/thumb/v7e-m+fp/hard\libc_nano.a(lib_a-init.o)
 .debug_frame   0x0000000000000fa0       0x2c c:/st/stm32cubeide_1.7.0/stm32cubeide/plugins/com.st.stm32cube.ide.mcu.externaltools.gnu-tools-for-stm32.9-2020-q2-update.win32_2.0.0.202105311346/tools/bin/../lib/gcc/arm-none-eabi/9.3.1/thumb/v7e-m+fp/hard\libgcc.a(_aeabi_uldivmod.o)
 .debug_frame   0x0000000000000fcc       0x34 c:/st/stm32cubeide_1.7.0/stm32cubeide/plugins/com.st.stm32cube.ide.mcu.externaltools.gnu-tools-for-stm32.9-2020-q2-update.win32_2.0.0.202105311346/tools/bin/../lib/gcc/arm-none-eabi/9.3.1/thumb/v7e-m+fp/hard\libgcc.a(_udivmoddi4.o)
