14:50:19 **** Incremental Build of configuration Debug for project hello_world ****
make -j4 all 
arm-none-eabi-g++ "../Core/Src/main.cpp" -mcpu=cortex-m4 -std=gnu++14 -g3 -DDEBUG -DUSE_HAL_DRIVER -DSTM32F401xE -c -I../Core/Inc -I../Drivers/STM32F4xx_HAL_Driver/Inc -I../Drivers/STM32F4xx_HAL_Driver/Inc/Legacy -I../Drivers/CMSIS/Device/ST/STM32F4xx/Include -I../Drivers/CMSIS/Include -I"C:/Users/agarw/STM32CubeIDE/workspace-1/hello_world/tensorflow_lite" -I"C:/Users/agarw/STM32CubeIDE/workspace-1/hello_world/tensorflow_lite/third_party/flatbuffers/include" -I"C:/Users/agarw/STM32CubeIDE/workspace-1/hello_world/tensorflow_lite/third_party/gemmlowp" -I"C:/Users/agarw/STM32CubeIDE/workspace-1/hello_world/tensorflow_lite/third_party/ruy" -O0 -ffunction-sections -fdata-sections -fno-exceptions -fno-rtti -fno-use-cxa-atexit -Wall -u_printf_float -fstack-usage -MMD -MP -MF"Core/Src/main.d" -MT"Core/Src/main.o" --specs=nano.specs -mfpu=fpv4-sp-d16 -mfloat-abi=hard -mthumb -o "Core/Src/main.o"
arm-none-eabi-g++ -o "hello_world.elf" @"objects.list"   -mcpu=cortex-m4 -T"C:\Users\agarw\STM32CubeIDE\workspace-1\hello_world\STM32F401RETX_FLASH.ld" --specs=nosys.specs -Wl,-Map="hello_world.map" -Wl,--gc-sections -static -u_printf_float --specs=nano.specs -mfpu=fpv4-sp-d16 -mfloat-abi=hard -mthumb -Wl,--start-group -lc -lm -lstdc++ -lsupc++ -Wl,--end-group
Finished building target: hello_world.elf
 
arm-none-eabi-size   hello_world.elf 
arm-none-eabi-objdump -h -S  hello_world.elf  > "hello_world.list"
arm-none-eabi-objcopy  -O binary  hello_world.elf  "hello_world.bin"
   text	   data	    bss	    dec	    hex	filename
  77328	    496	   4176	  82000	  14050	hello_world.elf
Finished building: default.size.stdout
 
Finished building: hello_world.bin
 
Finished building: hello_world.list
 

14:50:27 Build Finished. 0 errors, 0 warnings. (took 7s.975ms)

