02:47:41 **** Incremental Build of configuration Debug for project STM32L4xx-SensorTile ****
make all 
arm-none-eabi-size   STM32L476RG-SensorTile_ALLMEMS1.elf 
   text	   data	    bss	    dec	    hex	filename
 214816	   6248	  71080	 292144	  47530	STM32L476RG-SensorTile_ALLMEMS1.elf
Finished building: default.size.stdout
 
arm-none-eabi-objcopy -O binary "STM32L476RG-SensorTile_ALLMEMS1.elf" "STM32L476RG-SensorTile_ALLMEMS1.bin"
 

02:47:43 Build Finished. 0 errors, 0 warnings. (took 2s.74ms)

